------------------------------------------------------------
TimeQuest Timing Analyzer Summary
------------------------------------------------------------

Type  : Slow 1200mV 85C Model Setup 'u_pll|altpll_component|auto_generated|pll1|clk[0]'
Slack : 3.546
TNS   : 0.000

Type  : Slow 1200mV 85C Model Hold 'u_pll|altpll_component|auto_generated|pll1|clk[0]'
Slack : 0.453
TNS   : 0.000

Type  : Slow 1200mV 85C Model Minimum Pulse Width 'u_pll|altpll_component|auto_generated|pll1|clk[0]'
Slack : 3.052
TNS   : 0.000

Type  : Slow 1200mV 85C Model Minimum Pulse Width 'clk_50m'
Slack : 9.858
TNS   : 0.000

Type  : Slow 1200mV 0C Model Setup 'u_pll|altpll_component|auto_generated|pll1|clk[0]'
Slack : 3.723
TNS   : 0.000

Type  : Slow 1200mV 0C Model Hold 'u_pll|altpll_component|auto_generated|pll1|clk[0]'
Slack : 0.401
TNS   : 0.000

Type  : Slow 1200mV 0C Model Minimum Pulse Width 'u_pll|altpll_component|auto_generated|pll1|clk[0]'
Slack : 3.050
TNS   : 0.000

Type  : Slow 1200mV 0C Model Minimum Pulse Width 'clk_50m'
Slack : 9.855
TNS   : 0.000

Type  : Fast 1200mV 0C Model Setup 'u_pll|altpll_component|auto_generated|pll1|clk[0]'
Slack : 5.285
TNS   : 0.000

Type  : Fast 1200mV 0C Model Hold 'u_pll|altpll_component|auto_generated|pll1|clk[0]'
Slack : 0.187
TNS   : 0.000

Type  : Fast 1200mV 0C Model Minimum Pulse Width 'u_pll|altpll_component|auto_generated|pll1|clk[0]'
Slack : 3.131
TNS   : 0.000

Type  : Fast 1200mV 0C Model Minimum Pulse Width 'clk_50m'
Slack : 9.423
TNS   : 0.000

------------------------------------------------------------
