******************************************************************************
             TMS320C2000 Linker PC v25.11.0                    
******************************************************************************
>> Linked Sun Aug  9 19:18:04 2026

OUTPUT FILE NAME:   <DROOP_SPI_UART.out>
ENTRY POINT SYMBOL: "_c_int00"  address: 0000881a


MEMORY CONFIGURATION

         name            origin    length      used     unused   attr    fill
----------------------  --------  ---------  --------  --------  ----  --------
PAGE 0:
  BEGIN                 00000000   00000002  00000000  00000002  RWIX
  RAMM0                 00000050   000003b0  00000000  000003b0  RWIX
  RAML03                00008000   00004000  000008ce  00003732  RWIX
  ZONE7A                00200000   0000fc00  00000000  0000fc00  RWIX
  CSM_RSVD              0033ff80   00000076  00000000  00000076  RWIX
  CSM_PWL               0033fff8   00000008  00000000  00000008  RWIX
  ADC_CAL               00380080   00000009  00000000  00000009  RWIX
  IQTABLES              003fe000   00000b50  00000000  00000b50  RWIX
  IQTABLES2             003feb50   0000008c  00000000  0000008c  RWIX
  FPUTABLES             003febdc   000006a0  00000000  000006a0  RWIX
  BOOTROM               003ff27c   00000d44  00000000  00000d44  RWIX
  RESET                 003fffc0   00000002  00000000  00000002  RWIX

PAGE 1:
  BOOT_RSVD             00000002   0000004e  00000000  0000004e  RWIX
  RAMM1                 00000400   00000400  00000300  00000100  RWIX
  DEV_EMU               00000880   00000180  00000000  00000180  RWIX
  FLASH_REGS            00000a80   00000060  00000000  00000060  RWIX
  CSM                   00000ae0   00000010  00000000  00000010  RWIX
  ADC_MIRROR            00000b00   00000010  00000000  00000010  RWIX
  XINTF                 00000b20   00000020  00000000  00000020  RWIX
  CPU_TIMER0            00000c00   00000008  00000008  00000000  RWIX
  CPU_TIMER1            00000c08   00000008  00000008  00000000  RWIX
  CPU_TIMER2            00000c10   00000008  00000008  00000000  RWIX
  PIE_CTRL              00000ce0   00000020  0000001a  00000006  RWIX
  PIE_VECT              00000d00   00000100  00000100  00000000  RWIX
  DMA                   00001000   00000200  00000000  00000200  RWIX
  MCBSPA                00005000   00000040  00000000  00000040  RWIX
  MCBSPB                00005040   00000040  00000000  00000040  RWIX
  ECANA                 00006000   00000040  00000000  00000040  RWIX
  ECANA_LAM             00006040   00000040  00000000  00000040  RWIX
  ECANA_MOTS            00006080   00000040  00000000  00000040  RWIX
  ECANA_MOTO            000060c0   00000040  00000000  00000040  RWIX
  ECANA_MBOX            00006100   00000100  00000000  00000100  RWIX
  ECANB                 00006200   00000040  00000000  00000040  RWIX
  ECANB_LAM             00006240   00000040  00000000  00000040  RWIX
  ECANB_MOTS            00006280   00000040  00000000  00000040  RWIX
  ECANB_MOTO            000062c0   00000040  00000000  00000040  RWIX
  ECANB_MBOX            00006300   00000100  00000000  00000100  RWIX
  EPWM1                 00006800   00000022  00000000  00000022  RWIX
  EPWM2                 00006840   00000022  00000000  00000022  RWIX
  EPWM3                 00006880   00000022  00000000  00000022  RWIX
  EPWM4                 000068c0   00000022  00000000  00000022  RWIX
  EPWM5                 00006900   00000022  00000000  00000022  RWIX
  EPWM6                 00006940   00000022  00000000  00000022  RWIX
  ECAP1                 00006a00   00000020  00000000  00000020  RWIX
  ECAP2                 00006a20   00000020  00000000  00000020  RWIX
  ECAP3                 00006a40   00000020  00000000  00000020  RWIX
  ECAP4                 00006a60   00000020  00000000  00000020  RWIX
  ECAP5                 00006a80   00000020  00000000  00000020  RWIX
  ECAP6                 00006aa0   00000020  00000000  00000020  RWIX
  EQEP1                 00006b00   00000040  00000000  00000040  RWIX
  EQEP2                 00006b40   00000040  00000000  00000040  RWIX
  GPIOCTRL              00006f80   00000040  0000002e  00000012  RWIX
  GPIODAT               00006fc0   00000020  00000020  00000000  RWIX
  GPIOINT               00006fe0   00000020  00000000  00000020  RWIX
  SYSTEM                00007010   00000020  00000020  00000000  RWIX
  SPIA                  00007040   00000010  00000010  00000000  RWIX
  SCIA                  00007050   00000010  00000010  00000000  RWIX
  XINTRUPT              00007070   00000010  00000000  00000010  RWIX
  ADC                   00007100   00000020  00000000  00000020  RWIX
  SCIB                  00007750   00000010  00000000  00000010  RWIX
  SCIC                  00007770   00000010  00000000  00000010  RWIX
  I2CA                  00007900   00000040  00000000  00000040  RWIX
  RAML4                 0000c000   00001000  00000090  00000f70  RWIX
  RAML5                 0000d000   00001000  00000100  00000f00  RWIX
  RAML6                 0000e000   00001000  00000000  00001000  RWIX
  RAML7                 0000f000   00001000  00000000  00001000  RWIX
  ZONE7B                0020fc00   00000400  00000000  00000400  RWIX
  CSM_PWL               0033fff8   00000008  00000000  00000008  RWIX


SECTION ALLOCATION MAP

 output                                  attributes/
section   page    origin      length       input sections
--------  ----  ----------  ----------   ----------------
.text      0    00008000    00000864     
                  00008000    00000323     DSP2833x_DefaultIsr.obj (.text:retain)
                  00008323    000000d0     board.obj (.text)
                  000083f3    000000a9     board.obj (.text:retain)
                  0000849c    000000a5     spi_request.obj (.text)
                  00008541    00000096     uart_frame.obj (.text)
                  000085d7    00000085     MAIN.obj (.text)
                  0000865c    0000007b     DSP2833x_CpuTimers.obj (.text)
                  000086d7    00000059     led.obj (.text)
                  00008730    0000002e     rts2800_fpu32_eabi.lib : copy_decompress_lzss.c.obj (.text:decompress:lzss)
                  0000875e    0000002b                            : autoinit.c.obj (.text:__TI_auto_init_nobinit_nopinit)
                  00008789    00000029                            : exit.c.obj (.text)
                  000087b2    00000028     DSP2833x_PieCtrl.obj (.text)
                  000087da    00000020     DSP2833x_PieVect.obj (.text)
                  000087fa    00000020     rts2800_fpu32_eabi.lib : memcpy.c.obj (.text)
                  0000881a    00000017                            : boot28.asm.obj (.text)
                  00008831    00000012                            : args_main.c.obj (.text)
                  00008843    0000000d                            : copy_zero_init.c.obj (.text:decompress:ZI:__TI_zero_init_nomemset)
                  00008850    00000009                            : _lock.c.obj (.text)
                  00008859    00000008                            : copy_decompress_none.c.obj (.text:decompress:none)
                  00008861    00000002                            : pre_init.c.obj (.text)
                  00008863    00000001                            : startup.c.obj (.text)

.cinit     0    00008864    0000006a     
                  00008864    00000008     (.cinit..data.load) [load image, compression = lzss]
                  0000886c    00000006     (__TI_handler_table)
                  00008872    00000004     (.cinit..bss.load) [load image, compression = zero_init]
                  00008876    00000004     (.cinit.CpuTimer0RegsFile.load) [load image, compression = zero_init]
                  0000887a    00000004     (.cinit.CpuTimer1RegsFile.load) [load image, compression = zero_init]
                  0000887e    00000004     (.cinit.CpuTimer2RegsFile.load) [load image, compression = zero_init]
                  00008882    00000004     (.cinit.GpioCtrlRegsFile.load) [load image, compression = zero_init]
                  00008886    00000004     (.cinit.GpioDataRegsFile.load) [load image, compression = zero_init]
                  0000888a    00000004     (.cinit.PieCtrlRegsFile.load) [load image, compression = zero_init]
                  0000888e    00000004     (.cinit.PieVectTableFile.load) [load image, compression = zero_init]
                  00008892    00000004     (.cinit.SciaRegsFile.load) [load image, compression = zero_init]
                  00008896    00000004     (.cinit.SpiaRegsFile.load) [load image, compression = zero_init]
                  0000889a    00000004     (.cinit.SysCtrlRegsFile.load) [load image, compression = zero_init]
                  0000889e    00000030     (__TI_cinit_table)

.stack     1    00000400    00000300     UNINITIALIZED
                  00000400    00000300     --HOLE--

.bss       1    0000c000    00000086     UNINITIALIZED
                  0000c000    00000040     uart_frame.obj (.bss:g_rxBuf)
                  0000c040    00000018     DSP2833x_CpuTimers.obj (.bss)
                  0000c058    00000016     spi_request.obj (.bss)
                  0000c06e    00000010     uart_frame.obj (.bss)
                  0000c07e    00000002     board.obj (.bss)
                  0000c080    00000006     led.obj (.bss)

.const     1    0000d000    00000100     
                  0000d000    00000100     DSP2833x_PieVect.obj (.const)

.init_array 
*          0    00008000    00000000     UNINITIALIZED

.data      1    0000c086    0000000a     UNINITIALIZED
                  0000c086    00000006     rts2800_fpu32_eabi.lib : exit.c.obj (.data)
                  0000c08c    00000002                            : _lock.c.obj (.data:_lock)
                  0000c08e    00000002                            : _lock.c.obj (.data:_unlock)

.reset     0    003fffc0    00000000     DSECT

csm_rsvd   0    0033ff80    00000000     DSECT

csmpasswds 
*          0    0033fff8    00000000     DSECT

PieVectTableFile 
*          1    00000d00    00000100     UNINITIALIZED
                  00000d00    00000100     DSP2833x_GlobalVariableDefs.obj (PieVectTableFile)

CpuTimer0RegsFile 
*          1    00000c00    00000008     UNINITIALIZED
                  00000c00    00000008     DSP2833x_GlobalVariableDefs.obj (CpuTimer0RegsFile)

CpuTimer1RegsFile 
*          1    00000c08    00000008     UNINITIALIZED
                  00000c08    00000008     DSP2833x_GlobalVariableDefs.obj (CpuTimer1RegsFile)

CpuTimer2RegsFile 
*          1    00000c10    00000008     UNINITIALIZED
                  00000c10    00000008     DSP2833x_GlobalVariableDefs.obj (CpuTimer2RegsFile)

PieCtrlRegsFile 
*          1    00000ce0    0000001a     UNINITIALIZED
                  00000ce0    0000001a     DSP2833x_GlobalVariableDefs.obj (PieCtrlRegsFile)

GpioCtrlRegsFile 
*          1    00006f80    0000002e     UNINITIALIZED
                  00006f80    0000002e     DSP2833x_GlobalVariableDefs.obj (GpioCtrlRegsFile)

GpioDataRegsFile 
*          1    00006fc0    00000020     UNINITIALIZED
                  00006fc0    00000020     DSP2833x_GlobalVariableDefs.obj (GpioDataRegsFile)

SysCtrlRegsFile 
*          1    00007010    00000020     UNINITIALIZED
                  00007010    00000020     DSP2833x_GlobalVariableDefs.obj (SysCtrlRegsFile)

SpiaRegsFile 
*          1    00007040    00000010     UNINITIALIZED
                  00007040    00000010     DSP2833x_GlobalVariableDefs.obj (SpiaRegsFile)

SciaRegsFile 
*          1    00007050    00000010     UNINITIALIZED
                  00007050    00000010     DSP2833x_GlobalVariableDefs.obj (SciaRegsFile)

MODULE SUMMARY

       Module                            code   ro data   rw data
       ------                            ----   -------   -------
    .\SRC\
       DSP2833x_DefaultIsr.obj           803    0         0      
       DSP2833x_GlobalVariableDefs.obj   0      0         448    
       DSP2833x_PieVect.obj              32     256       0      
       DSP2833x_CpuTimers.obj            123    0         24     
       MAIN.obj                          133    0         0      
       DSP2833x_PieCtrl.obj              40     0         0      
    +--+---------------------------------+------+---------+---------+
       Total:                            1131   256       472    
                                                                 
    .\firmware\board\
       board.obj                         377    0         2      
    +--+---------------------------------+------+---------+---------+
       Total:                            377    0         2      
                                                                 
    .\firmware\comm\
       uart_frame.obj                    150    0         80     
       spi_request.obj                   165    0         22     
       led.obj                           89     0         6      
    +--+---------------------------------+------+---------+---------+
       Total:                            404    0         108    
                                                                 
    E:\ti\ccs2051\ccs\tools\compiler\ti-cgt-c2000_25.11.0.LTS\lib\rts2800_fpu32_eabi.lib
       exit.c.obj                        41     0         6      
       copy_decompress_lzss.c.obj        46     0         0      
       autoinit.c.obj                    43     0         0      
       memcpy.c.obj                      32     0         0      
       boot28.asm.obj                    23     0         0      
       args_main.c.obj                   18     0         0      
       _lock.c.obj                       9      0         4      
       copy_zero_init.c.obj              13     0         0      
       copy_decompress_none.c.obj        8      0         0      
       pre_init.c.obj                    2      0         0      
       startup.c.obj                     1      0         0      
    +--+---------------------------------+------+---------+---------+
       Total:                            236    0         10     
                                                                 
       Stack:                            0      0         768    
       Linker Generated:                 0      106       0      
    +--+---------------------------------+------+---------+---------+
       Grand Total:                      2148   362       1360   


LINKER GENERATED COPY TABLES

__TI_cinit_table @ 0000889e records: 12, size/record: 4, table size: 48
	.data: load addr=00008864, load size=00000008 bytes, run addr=0000c086, run size=0000000a bytes, compression=lzss
	.bss: load addr=00008872, load size=00000004 bytes, run addr=0000c000, run size=00000086 bytes, compression=zero_init
	CpuTimer0RegsFile: load addr=00008876, load size=00000004 bytes, run addr=00000c00, run size=00000008 bytes, compression=zero_init
	CpuTimer1RegsFile: load addr=0000887a, load size=00000004 bytes, run addr=00000c08, run size=00000008 bytes, compression=zero_init
	CpuTimer2RegsFile: load addr=0000887e, load size=00000004 bytes, run addr=00000c10, run size=00000008 bytes, compression=zero_init
	GpioCtrlRegsFile: load addr=00008882, load size=00000004 bytes, run addr=00006f80, run size=0000002e bytes, compression=zero_init
	GpioDataRegsFile: load addr=00008886, load size=00000004 bytes, run addr=00006fc0, run size=00000020 bytes, compression=zero_init
	PieCtrlRegsFile: load addr=0000888a, load size=00000004 bytes, run addr=00000ce0, run size=0000001a bytes, compression=zero_init
	PieVectTableFile: load addr=0000888e, load size=00000004 bytes, run addr=00000d00, run size=00000100 bytes, compression=zero_init
	SciaRegsFile: load addr=00008892, load size=00000004 bytes, run addr=00007050, run size=00000010 bytes, compression=zero_init
	SpiaRegsFile: load addr=00008896, load size=00000004 bytes, run addr=00007040, run size=00000010 bytes, compression=zero_init
	SysCtrlRegsFile: load addr=0000889a, load size=00000004 bytes, run addr=00007010, run size=00000020 bytes, compression=zero_init


LINKER GENERATED HANDLER TABLE

__TI_handler_table @ 0000886c records: 3, size/record: 2, table size: 6
	index: 0, handler: __TI_zero_init
	index: 1, handler: __TI_decompress_lzss
	index: 2, handler: __TI_decompress_none


GLOBAL DATA SYMBOLS: SORTED BY DATA PAGE

address     data page           name
--------    ----------------    ----
00000400      10 (00000400)     __stack

00000c00      30 (00000c00)     CpuTimer0Regs
00000c08      30 (00000c00)     CpuTimer1Regs
00000c10      30 (00000c00)     CpuTimer2Regs

00000ce0      33 (00000cc0)     PieCtrlRegs

00000d00      34 (00000d00)     PieVectTable

00006f80     1be (00006f80)     GpioCtrlRegs

00006fc0     1bf (00006fc0)     GpioDataRegs

00007010     1c0 (00007000)     SysCtrlRegs

00007040     1c1 (00007040)     SpiaRegs
00007050     1c1 (00007040)     SciaRegs

0000c040     301 (0000c040)     CpuTimer0
0000c048     301 (0000c040)     CpuTimer1
0000c050     301 (0000c040)     CpuTimer2
0000c05b     301 (0000c040)     g_diag_spi_lastError
0000c062     301 (0000c040)     g_diag_spi_reqFrames
0000c064     301 (0000c040)     g_diag_spi_reqBytes
0000c066     301 (0000c040)     g_diag_spi_misoIdleFF
0000c068     301 (0000c040)     g_diag_spi_misoUnexpected
0000c06a     301 (0000c040)     g_diag_spi_startFailures
0000c06c     301 (0000c040)     g_diag_spi_timeouts
0000c070     301 (0000c040)     g_diag_lastError
0000c074     301 (0000c040)     g_diag_rxBytes
0000c076     301 (0000c040)     g_diag_readyFrames
0000c078     301 (0000c040)     g_diag_tooLongFrames
0000c07a     301 (0000c040)     g_diag_busyDrops
0000c07c     301 (0000c040)     g_diag_uartErrors

0000c086     302 (0000c080)     __TI_enable_exit_profile_output
0000c088     302 (0000c080)     __TI_cleanup_ptr
0000c08a     302 (0000c080)     __TI_dtors_ptr
0000c08c     302 (0000c080)     _lock
0000c08e     302 (0000c080)     _unlock

0000d000     340 (0000d000)     PieVectTableInit


GLOBAL SYMBOLS: SORTED ALPHABETICALLY BY Name 

page  address   name                           
----  -------   ----                           
0     000080e6  ADCINT_ISR                     
0     00008323  Board_Init                     
0     00008342  Board_SciInit                  
0     00008395  Board_SpiInit                  
0     000083d5  Board_SpiStartByte             
0     000083e6  Board_SpiTryCompleteByte       
0     00008389  Board_TimeNow100us             
0     00008789  C$$EXIT                        
0     0000869d  ConfigCpuTimer                 
1     0000c040  CpuTimer0                      
1     00000c00  CpuTimer0Regs                  
1     0000c048  CpuTimer1                      
1     00000c08  CpuTimer1Regs                  
1     0000c050  CpuTimer2                      
1     00000c10  CpuTimer2Regs                  
0     00008014  DATALOG_ISR                    
0     00008208  DINTCH1_ISR                    
0     00008212  DINTCH2_ISR                    
0     0000821c  DINTCH3_ISR                    
0     00008226  DINTCH4_ISR                    
0     00008230  DINTCH5_ISR                    
0     0000823a  DINTCH6_ISR                    
0     00008294  ECAN0INTA_ISR                  
0     000082a8  ECAN0INTB_ISR                  
0     0000829e  ECAN1INTA_ISR                  
0     000082b2  ECAN1INTB_ISR                  
0     0000817c  ECAP1_INT_ISR                  
0     00008186  ECAP2_INT_ISR                  
0     00008190  ECAP3_INT_ISR                  
0     0000819a  ECAP4_INT_ISR                  
0     000081a4  ECAP5_INT_ISR                  
0     000081ae  ECAP6_INT_ISR                  
0     00008302  EMPTY_ISR                      
0     00008028  EMUINT_ISR                     
0     00008140  EPWM1_INT_ISR                  
0     00008104  EPWM1_TZINT_ISR                
0     0000814a  EPWM2_INT_ISR                  
0     0000810e  EPWM2_TZINT_ISR                
0     00008154  EPWM3_INT_ISR                  
0     00008118  EPWM3_TZINT_ISR                
0     0000815e  EPWM4_INT_ISR                  
0     00008122  EPWM4_TZINT_ISR                
0     00008168  EPWM5_INT_ISR                  
0     0000812c  EPWM5_TZINT_ISR                
0     00008172  EPWM6_INT_ISR                  
0     00008136  EPWM6_TZINT_ISR                
0     000081b8  EQEP1_INT_ISR                  
0     000081c2  EQEP2_INT_ISR                  
0     000087d1  EnableInterrupts               
1     00006f80  GpioCtrlRegs                   
1     00006fc0  GpioDataRegs                   
0     00008244  I2CINT1A_ISR                   
0     0000824e  I2CINT2A_ISR                   
0     0000803c  ILLEGAL_ISR                    
0     00008000  INT13_ISR                      
0     0000800a  INT14_ISR                      
0     000083f3  ISRSciRx                       
0     00008482  ISRTimer0                      
0     0000865c  InitCpuTimers                  
0     000087b2  InitPieCtrl                    
0     000087da  InitPieVectTable               
0     000082f8  LUF_ISR                        
0     000082ee  LVF_ISR                        
0     000086d7  Led_Init                       
0     00008712  Led_Service                    
0     000086f2  Led_TriggerRx                  
0     00008702  Led_TriggerTx                  
0     000081f4  MRINTA_ISR                     
0     000081e0  MRINTB_ISR                     
0     000081fe  MXINTA_ISR                     
0     000081ea  MXINTB_ISR                     
0     00008032  NMI_ISR                        
0     0000830f  PIE_RESERVED                   
1     00000ce0  PieCtrlRegs                    
1     00000d00  PieVectTable                   
1     0000d000  PieVectTableInit               
0     0000801e  RTOSINT_ISR                    
0     0000826c  SCIRXINTA_ISR                  
0     00008280  SCIRXINTB_ISR                  
0     00008258  SCIRXINTC_ISR                  
0     00008276  SCITXINTA_ISR                  
0     0000828a  SCITXINTB_ISR                  
0     00008262  SCITXINTC_ISR                  
0     000080be  SEQ1INT_ISR                    
0     000080c8  SEQ2INT_ISR                    
0     000081cc  SPIRXINTA_ISR                  
0     000081d6  SPITXINTA_ISR                  
1     00007050  SciaRegs                       
0     00008539  SpiRequest_Finish              
0     0000849c  SpiRequest_Init                
0     000084ad  SpiRequest_IsIdle              
0     000084ce  SpiRequest_Service             
0     000084b5  SpiRequest_Start               
1     00007040  SpiaRegs                       
1     00007010  SysCtrlRegs                    
0     000080f0  TINT0_ISR                      
0     000080a0  USER10_ISR                     
0     000080aa  USER11_ISR                     
0     000080b4  USER12_ISR                     
0     00008046  USER1_ISR                      
0     00008050  USER2_ISR                      
0     0000805a  USER3_ISR                      
0     00008064  USER4_ISR                      
0     0000806e  USER5_ISR                      
0     00008078  USER6_ISR                      
0     00008082  USER7_ISR                      
0     0000808c  USER8_ISR                      
0     00008096  USER9_ISR                      
0     000085d2  UartFrame_Consume              
0     000085cb  UartFrame_GetData              
0     000085ce  UartFrame_GetLength            
0     00008541  UartFrame_Init                 
0     000085c2  UartFrame_IsReady              
0     0000854e  UartFrame_OnByte               
0     00008578  UartFrame_OnError              
0     00008592  UartFrame_Service              
0     000080fa  WAKEINT_ISR                    
0     000080d2  XINT1_ISR                      
0     000080dc  XINT2_ISR                      
0     000082bc  XINT3_ISR                      
0     000082c6  XINT4_ISR                      
0     000082d0  XINT5_ISR                      
0     000082da  XINT6_ISR                      
0     000082e4  XINT7_ISR                      
0     0000889e  __TI_CINIT_Base                
0     000088ce  __TI_CINIT_Limit               
0     000088ce  __TI_CINIT_Warm                
0     0000886c  __TI_Handler_Table_Base        
0     00008872  __TI_Handler_Table_Limit       
1     00000700  __TI_STACK_END                 
abs   00000300  __TI_STACK_SIZE                
0     0000875e  __TI_auto_init_nobinit_nopinit 
1     0000c088  __TI_cleanup_ptr               
0     00008730  __TI_decompress_lzss           
0     00008859  __TI_decompress_none           
1     0000c08a  __TI_dtors_ptr                 
1     0000c086  __TI_enable_exit_profile_output
abs   ffffffff  __TI_pprof_out_hndl            
abs   ffffffff  __TI_prof_data_size            
abs   ffffffff  __TI_prof_data_start           
0     00008843  __TI_zero_init_nomemset        
abs   ffffffff  __c_args__                     
1     00000400  __stack                        
0     00008831  _args_main                     
0     0000881a  _c_int00                       
1     0000c08c  _lock                          
0     00008858  _nop                           
0     00008854  _register_lock                 
0     00008850  _register_unlock               
0     00008863  _system_post_cinit             
0     00008861  _system_pre_init               
1     0000c08e  _unlock                        
0     00008789  abort                          
0     0000878b  exit                           
1     0000c07a  g_diag_busyDrops               
1     0000c070  g_diag_lastError               
1     0000c076  g_diag_readyFrames             
1     0000c074  g_diag_rxBytes                 
1     0000c05b  g_diag_spi_lastError           
1     0000c066  g_diag_spi_misoIdleFF          
1     0000c068  g_diag_spi_misoUnexpected      
1     0000c064  g_diag_spi_reqBytes            
1     0000c062  g_diag_spi_reqFrames           
1     0000c06a  g_diag_spi_startFailures       
1     0000c06c  g_diag_spi_timeouts            
1     0000c078  g_diag_tooLongFrames           
1     0000c07c  g_diag_uartErrors              
0     000085d7  main                           
0     000087fa  memcpy                         
0     00008319  rsvd_ISR                       


GLOBAL SYMBOLS: SORTED BY Symbol Address 

page  address   name                           
----  -------   ----                           
0     00008000  INT13_ISR                      
0     0000800a  INT14_ISR                      
0     00008014  DATALOG_ISR                    
0     0000801e  RTOSINT_ISR                    
0     00008028  EMUINT_ISR                     
0     00008032  NMI_ISR                        
0     0000803c  ILLEGAL_ISR                    
0     00008046  USER1_ISR                      
0     00008050  USER2_ISR                      
0     0000805a  USER3_ISR                      
0     00008064  USER4_ISR                      
0     0000806e  USER5_ISR                      
0     00008078  USER6_ISR                      
0     00008082  USER7_ISR                      
0     0000808c  USER8_ISR                      
0     00008096  USER9_ISR                      
0     000080a0  USER10_ISR                     
0     000080aa  USER11_ISR                     
0     000080b4  USER12_ISR                     
0     000080be  SEQ1INT_ISR                    
0     000080c8  SEQ2INT_ISR                    
0     000080d2  XINT1_ISR                      
0     000080dc  XINT2_ISR                      
0     000080e6  ADCINT_ISR                     
0     000080f0  TINT0_ISR                      
0     000080fa  WAKEINT_ISR                    
0     00008104  EPWM1_TZINT_ISR                
0     0000810e  EPWM2_TZINT_ISR                
0     00008118  EPWM3_TZINT_ISR                
0     00008122  EPWM4_TZINT_ISR                
0     0000812c  EPWM5_TZINT_ISR                
0     00008136  EPWM6_TZINT_ISR                
0     00008140  EPWM1_INT_ISR                  
0     0000814a  EPWM2_INT_ISR                  
0     00008154  EPWM3_INT_ISR                  
0     0000815e  EPWM4_INT_ISR                  
0     00008168  EPWM5_INT_ISR                  
0     00008172  EPWM6_INT_ISR                  
0     0000817c  ECAP1_INT_ISR                  
0     00008186  ECAP2_INT_ISR                  
0     00008190  ECAP3_INT_ISR                  
0     0000819a  ECAP4_INT_ISR                  
0     000081a4  ECAP5_INT_ISR                  
0     000081ae  ECAP6_INT_ISR                  
0     000081b8  EQEP1_INT_ISR                  
0     000081c2  EQEP2_INT_ISR                  
0     000081cc  SPIRXINTA_ISR                  
0     000081d6  SPITXINTA_ISR                  
0     000081e0  MRINTB_ISR                     
0     000081ea  MXINTB_ISR                     
0     000081f4  MRINTA_ISR                     
0     000081fe  MXINTA_ISR                     
0     00008208  DINTCH1_ISR                    
0     00008212  DINTCH2_ISR                    
0     0000821c  DINTCH3_ISR                    
0     00008226  DINTCH4_ISR                    
0     00008230  DINTCH5_ISR                    
0     0000823a  DINTCH6_ISR                    
0     00008244  I2CINT1A_ISR                   
0     0000824e  I2CINT2A_ISR                   
0     00008258  SCIRXINTC_ISR                  
0     00008262  SCITXINTC_ISR                  
0     0000826c  SCIRXINTA_ISR                  
0     00008276  SCITXINTA_ISR                  
0     00008280  SCIRXINTB_ISR                  
0     0000828a  SCITXINTB_ISR                  
0     00008294  ECAN0INTA_ISR                  
0     0000829e  ECAN1INTA_ISR                  
0     000082a8  ECAN0INTB_ISR                  
0     000082b2  ECAN1INTB_ISR                  
0     000082bc  XINT3_ISR                      
0     000082c6  XINT4_ISR                      
0     000082d0  XINT5_ISR                      
0     000082da  XINT6_ISR                      
0     000082e4  XINT7_ISR                      
0     000082ee  LVF_ISR                        
0     000082f8  LUF_ISR                        
0     00008302  EMPTY_ISR                      
0     0000830f  PIE_RESERVED                   
0     00008319  rsvd_ISR                       
0     00008323  Board_Init                     
0     00008342  Board_SciInit                  
0     00008389  Board_TimeNow100us             
0     00008395  Board_SpiInit                  
0     000083d5  Board_SpiStartByte             
0     000083e6  Board_SpiTryCompleteByte       
0     000083f3  ISRSciRx                       
0     00008482  ISRTimer0                      
0     0000849c  SpiRequest_Init                
0     000084ad  SpiRequest_IsIdle              
0     000084b5  SpiRequest_Start               
0     000084ce  SpiRequest_Service             
0     00008539  SpiRequest_Finish              
0     00008541  UartFrame_Init                 
0     0000854e  UartFrame_OnByte               
0     00008578  UartFrame_OnError              
0     00008592  UartFrame_Service              
0     000085c2  UartFrame_IsReady              
0     000085cb  UartFrame_GetData              
0     000085ce  UartFrame_GetLength            
0     000085d2  UartFrame_Consume              
0     000085d7  main                           
0     0000865c  InitCpuTimers                  
0     0000869d  ConfigCpuTimer                 
0     000086d7  Led_Init                       
0     000086f2  Led_TriggerRx                  
0     00008702  Led_TriggerTx                  
0     00008712  Led_Service                    
0     00008730  __TI_decompress_lzss           
0     0000875e  __TI_auto_init_nobinit_nopinit 
0     00008789  C$$EXIT                        
0     00008789  abort                          
0     0000878b  exit                           
0     000087b2  InitPieCtrl                    
0     000087d1  EnableInterrupts               
0     000087da  InitPieVectTable               
0     000087fa  memcpy                         
0     0000881a  _c_int00                       
0     00008831  _args_main                     
0     00008843  __TI_zero_init_nomemset        
0     00008850  _register_unlock               
0     00008854  _register_lock                 
0     00008858  _nop                           
0     00008859  __TI_decompress_none           
0     00008861  _system_pre_init               
0     00008863  _system_post_cinit             
0     0000886c  __TI_Handler_Table_Base        
0     00008872  __TI_Handler_Table_Limit       
0     0000889e  __TI_CINIT_Base                
0     000088ce  __TI_CINIT_Limit               
0     000088ce  __TI_CINIT_Warm                
1     00000400  __stack                        
1     00000700  __TI_STACK_END                 
1     00000c00  CpuTimer0Regs                  
1     00000c08  CpuTimer1Regs                  
1     00000c10  CpuTimer2Regs                  
1     00000ce0  PieCtrlRegs                    
1     00000d00  PieVectTable                   
1     00006f80  GpioCtrlRegs                   
1     00006fc0  GpioDataRegs                   
1     00007010  SysCtrlRegs                    
1     00007040  SpiaRegs                       
1     00007050  SciaRegs                       
1     0000c040  CpuTimer0                      
1     0000c048  CpuTimer1                      
1     0000c050  CpuTimer2                      
1     0000c05b  g_diag_spi_lastError           
1     0000c062  g_diag_spi_reqFrames           
1     0000c064  g_diag_spi_reqBytes            
1     0000c066  g_diag_spi_misoIdleFF          
1     0000c068  g_diag_spi_misoUnexpected      
1     0000c06a  g_diag_spi_startFailures       
1     0000c06c  g_diag_spi_timeouts            
1     0000c070  g_diag_lastError               
1     0000c074  g_diag_rxBytes                 
1     0000c076  g_diag_readyFrames             
1     0000c078  g_diag_tooLongFrames           
1     0000c07a  g_diag_busyDrops               
1     0000c07c  g_diag_uartErrors              
1     0000c086  __TI_enable_exit_profile_output
1     0000c088  __TI_cleanup_ptr               
1     0000c08a  __TI_dtors_ptr                 
1     0000c08c  _lock                          
1     0000c08e  _unlock                        
1     0000d000  PieVectTableInit               
abs   00000300  __TI_STACK_SIZE                
abs   ffffffff  __TI_pprof_out_hndl            
abs   ffffffff  __TI_prof_data_size            
abs   ffffffff  __TI_prof_data_start           
abs   ffffffff  __c_args__                     

[170 symbols]
