<?xml version="1.0" encoding="ISO-8859-1" ?>
<link_info>
   <banner>TMS320C2000 Linker PC v25.11.0.LTS</banner>
   <copyright>Copyright (c) 1996-2018 Texas Instruments Incorporated</copyright>
   <command_line>E:\ti\ccs2051\ccs\tools\compiler\ti-cgt-c2000_25.11.0.LTS\bin\lnk2000.exe -lC:\\Users\\32485\\AppData\\Local\\Temp\\{346115E0-E571-455F-A1F1-2F4EC10F4066}</command_line>
   <link_time>0x6a7abb8a</link_time>
   <link_errors>0x0</link_errors>
   <output_file>E:\repos\DSP28335\resst\Flash_Release\resst.out</output_file>
   <entry_point>
      <name>_c_int00</name>
      <address>0x331857</address>
   </entry_point>
   <input_file_list>
      <input_file id="fl-2">
         <path>E:\repos\DSP28335\resst\Flash_Release\.\SRC\</path>
         <kind>object</kind>
         <file>DSP2833x_CodeStartBranch.obj</file>
         <name>DSP2833x_CodeStartBranch.obj</name>
      </input_file>
      <input_file id="fl-3">
         <path>E:\repos\DSP28335\resst\Flash_Release\.\SRC\</path>
         <kind>object</kind>
         <file>DSP2833x_CpuTimers.obj</file>
         <name>DSP2833x_CpuTimers.obj</name>
      </input_file>
      <input_file id="fl-4">
         <path>E:\repos\DSP28335\resst\Flash_Release\.\SRC\</path>
         <kind>object</kind>
         <file>DSP2833x_DefaultIsr.obj</file>
         <name>DSP2833x_DefaultIsr.obj</name>
      </input_file>
      <input_file id="fl-5">
         <path>E:\repos\DSP28335\resst\Flash_Release\.\SRC\</path>
         <kind>object</kind>
         <file>DSP2833x_GlobalVariableDefs.obj</file>
         <name>DSP2833x_GlobalVariableDefs.obj</name>
      </input_file>
      <input_file id="fl-6">
         <path>E:\repos\DSP28335\resst\Flash_Release\.\SRC\</path>
         <kind>object</kind>
         <file>DSP2833x_MemCopy.obj</file>
         <name>DSP2833x_MemCopy.obj</name>
      </input_file>
      <input_file id="fl-7">
         <path>E:\repos\DSP28335\resst\Flash_Release\.\SRC\</path>
         <kind>object</kind>
         <file>DSP2833x_PieCtrl.obj</file>
         <name>DSP2833x_PieCtrl.obj</name>
      </input_file>
      <input_file id="fl-8">
         <path>E:\repos\DSP28335\resst\Flash_Release\.\SRC\</path>
         <kind>object</kind>
         <file>DSP2833x_PieVect.obj</file>
         <name>DSP2833x_PieVect.obj</name>
      </input_file>
      <input_file id="fl-9">
         <path>E:\repos\DSP28335\resst\Flash_Release\.\SRC\</path>
         <kind>object</kind>
         <file>DSP2833x_usDelay.obj</file>
         <name>DSP2833x_usDelay.obj</name>
      </input_file>
      <input_file id="fl-a">
         <path>E:\repos\DSP28335\resst\Flash_Release\.\firmware\app\</path>
         <kind>object</kind>
         <file>app.obj</file>
         <name>app.obj</name>
      </input_file>
      <input_file id="fl-b">
         <path>E:\repos\DSP28335\resst\Flash_Release\.\firmware\app\</path>
         <kind>object</kind>
         <file>app_context.obj</file>
         <name>app_context.obj</name>
      </input_file>
      <input_file id="fl-c">
         <path>E:\repos\DSP28335\resst\Flash_Release\.\firmware\app\</path>
         <kind>object</kind>
         <file>diagnostics.obj</file>
         <name>diagnostics.obj</name>
      </input_file>
      <input_file id="fl-d">
         <path>E:\repos\DSP28335\resst\Flash_Release\.\firmware\app\</path>
         <kind>object</kind>
         <file>isr.obj</file>
         <name>isr.obj</name>
      </input_file>
      <input_file id="fl-e">
         <path>E:\repos\DSP28335\resst\Flash_Release\.\firmware\app\</path>
         <kind>object</kind>
         <file>main.obj</file>
         <name>main.obj</name>
      </input_file>
      <input_file id="fl-f">
         <path>E:\repos\DSP28335\resst\Flash_Release\.\firmware\app\</path>
         <kind>object</kind>
         <file>param_manager.obj</file>
         <name>param_manager.obj</name>
      </input_file>
      <input_file id="fl-10">
         <path>E:\repos\DSP28335\resst\Flash_Release\.\firmware\app\</path>
         <kind>object</kind>
         <file>scheduler.obj</file>
         <name>scheduler.obj</name>
      </input_file>
      <input_file id="fl-11">
         <path>E:\repos\DSP28335\resst\Flash_Release\.\firmware\app\</path>
         <kind>object</kind>
         <file>sci_rx_queue.obj</file>
         <name>sci_rx_queue.obj</name>
      </input_file>
      <input_file id="fl-12">
         <path>E:\repos\DSP28335\resst\Flash_Release\.\firmware\app\</path>
         <kind>object</kind>
         <file>state_machine.obj</file>
         <name>state_machine.obj</name>
      </input_file>
      <input_file id="fl-13">
         <path>E:\repos\DSP28335\resst\Flash_Release\.\firmware\app\</path>
         <kind>object</kind>
         <file>telemetry.obj</file>
         <name>telemetry.obj</name>
      </input_file>
      <input_file id="fl-14">
         <path>E:\repos\DSP28335\resst\Flash_Release\.\firmware\bsp\</path>
         <kind>object</kind>
         <file>board.obj</file>
         <name>board.obj</name>
      </input_file>
      <input_file id="fl-15">
         <path>E:\repos\DSP28335\resst\Flash_Release\.\firmware\control\</path>
         <kind>object</kind>
         <file>control_faststep.obj</file>
         <name>control_faststep.obj</name>
      </input_file>
      <input_file id="fl-16">
         <path>E:\repos\DSP28335\resst\Flash_Release\.\firmware\control\</path>
         <kind>object</kind>
         <file>control_openloop.obj</file>
         <name>control_openloop.obj</name>
      </input_file>
      <input_file id="fl-17">
         <path>E:\repos\DSP28335\resst\Flash_Release\.\firmware\control\</path>
         <kind>object</kind>
         <file>safe_openloop.obj</file>
         <name>safe_openloop.obj</name>
      </input_file>
      <input_file id="fl-18">
         <path>E:\repos\DSP28335\resst\Flash_Release\.\firmware\drivers\</path>
         <kind>object</kind>
         <file>drv_adc.obj</file>
         <name>drv_adc.obj</name>
      </input_file>
      <input_file id="fl-19">
         <path>E:\repos\DSP28335\resst\Flash_Release\.\firmware\drivers\</path>
         <kind>object</kind>
         <file>drv_epwm.obj</file>
         <name>drv_epwm.obj</name>
      </input_file>
      <input_file id="fl-1a">
         <path>E:\repos\DSP28335\resst\Flash_Release\.\firmware\drivers\</path>
         <kind>object</kind>
         <file>drv_gpio.obj</file>
         <name>drv_gpio.obj</name>
      </input_file>
      <input_file id="fl-1b">
         <path>E:\repos\DSP28335\resst\Flash_Release\.\firmware\drivers\</path>
         <kind>object</kind>
         <file>drv_interrupt.obj</file>
         <name>drv_interrupt.obj</name>
      </input_file>
      <input_file id="fl-1c">
         <path>E:\repos\DSP28335\resst\Flash_Release\.\firmware\drivers\</path>
         <kind>object</kind>
         <file>drv_sci.obj</file>
         <name>drv_sci.obj</name>
      </input_file>
      <input_file id="fl-1d">
         <path>E:\repos\DSP28335\resst\Flash_Release\.\firmware\drivers\</path>
         <kind>object</kind>
         <file>drv_spi.obj</file>
         <name>drv_spi.obj</name>
      </input_file>
      <input_file id="fl-1e">
         <path>E:\repos\DSP28335\resst\Flash_Release\.\firmware\drivers\</path>
         <kind>object</kind>
         <file>drv_sysctrl.obj</file>
         <name>drv_sysctrl.obj</name>
      </input_file>
      <input_file id="fl-1f">
         <path>E:\repos\DSP28335\resst\Flash_Release\.\firmware\drivers\</path>
         <kind>object</kind>
         <file>drv_timer.obj</file>
         <name>drv_timer.obj</name>
      </input_file>
      <input_file id="fl-20">
         <path>E:\repos\DSP28335\resst\Flash_Release\.\firmware\services\</path>
         <kind>object</kind>
         <file>cpld_spi.obj</file>
         <name>cpld_spi.obj</name>
      </input_file>
      <input_file id="fl-21">
         <path>E:\repos\DSP28335\resst\Flash_Release\.\firmware\services\</path>
         <kind>object</kind>
         <file>indicator.obj</file>
         <name>indicator.obj</name>
      </input_file>
      <input_file id="fl-22">
         <path>E:\repos\DSP28335\resst\Flash_Release\.\firmware\services\</path>
         <kind>object</kind>
         <file>measurement.obj</file>
         <name>measurement.obj</name>
      </input_file>
      <input_file id="fl-23">
         <path>E:\repos\DSP28335\resst\Flash_Release\.\firmware\services\</path>
         <kind>object</kind>
         <file>modbus_vdc.obj</file>
         <name>modbus_vdc.obj</name>
      </input_file>
      <input_file id="fl-24">
         <path>E:\repos\DSP28335\resst\Flash_Release\.\firmware\services\</path>
         <kind>object</kind>
         <file>spi_bridge.obj</file>
         <name>spi_bridge.obj</name>
      </input_file>
      <input_file id="fl-25">
         <path>E:\repos\DSP28335\resst\Flash_Release\.\firmware\services\</path>
         <kind>object</kind>
         <file>spi_request.obj</file>
         <name>spi_request.obj</name>
      </input_file>
      <input_file id="fl-26">
         <path>E:\repos\DSP28335\resst\Flash_Release\.\firmware\services\</path>
         <kind>object</kind>
         <file>uart_frame.obj</file>
         <name>uart_frame.obj</name>
      </input_file>
      <input_file id="fl-2b">
         <path>E:\repos\DSP28335\resst\Flash_Release\</path>
         <kind>object</kind>
         <file>&lt;internal&gt;</file>
         <name>&lt;internal&gt;</name>
      </input_file>
      <input_file id="fl-37">
         <path>E:\ti\ccs2051\ccs\tools\compiler\ti-cgt-c2000_25.11.0.LTS\lib\</path>
         <kind>archive</kind>
         <file>rts2800_fpu32_eabi.lib</file>
         <name>s_sinf.c.obj</name>
      </input_file>
      <input_file id="fl-38">
         <path>E:\ti\ccs2051\ccs\tools\compiler\ti-cgt-c2000_25.11.0.LTS\lib\</path>
         <kind>archive</kind>
         <file>rts2800_fpu32_eabi.lib</file>
         <name>boot28.asm.obj</name>
      </input_file>
      <input_file id="fl-39">
         <path>E:\ti\ccs2051\ccs\tools\compiler\ti-cgt-c2000_25.11.0.LTS\lib\</path>
         <kind>archive</kind>
         <file>rts2800_fpu32_eabi.lib</file>
         <name>fs_div28.asm.obj</name>
      </input_file>
      <input_file id="fl-3a">
         <path>E:\ti\ccs2051\ccs\tools\compiler\ti-cgt-c2000_25.11.0.LTS\lib\</path>
         <kind>archive</kind>
         <file>rts2800_fpu32_eabi.lib</file>
         <name>ll_cmp28.asm.obj</name>
      </input_file>
      <input_file id="fl-3b">
         <path>E:\ti\ccs2051\ccs\tools\compiler\ti-cgt-c2000_25.11.0.LTS\lib\</path>
         <kind>archive</kind>
         <file>rts2800_fpu32_eabi.lib</file>
         <name>l_div28.asm.obj</name>
      </input_file>
      <input_file id="fl-3c">
         <path>E:\ti\ccs2051\ccs\tools\compiler\ti-cgt-c2000_25.11.0.LTS\lib\</path>
         <kind>archive</kind>
         <file>rts2800_fpu32_eabi.lib</file>
         <name>pre_init.c.obj</name>
      </input_file>
      <input_file id="fl-3d">
         <path>E:\ti\ccs2051\ccs\tools\compiler\ti-cgt-c2000_25.11.0.LTS\lib\</path>
         <kind>archive</kind>
         <file>rts2800_fpu32_eabi.lib</file>
         <name>autoinit.c.obj</name>
      </input_file>
      <input_file id="fl-3e">
         <path>E:\ti\ccs2051\ccs\tools\compiler\ti-cgt-c2000_25.11.0.LTS\lib\</path>
         <kind>archive</kind>
         <file>rts2800_fpu32_eabi.lib</file>
         <name>copy_zero_init.c.obj</name>
      </input_file>
      <input_file id="fl-3f">
         <path>E:\ti\ccs2051\ccs\tools\compiler\ti-cgt-c2000_25.11.0.LTS\lib\</path>
         <kind>archive</kind>
         <file>rts2800_fpu32_eabi.lib</file>
         <name>copy_decompress_none.c.obj</name>
      </input_file>
      <input_file id="fl-40">
         <path>E:\ti\ccs2051\ccs\tools\compiler\ti-cgt-c2000_25.11.0.LTS\lib\</path>
         <kind>archive</kind>
         <file>rts2800_fpu32_eabi.lib</file>
         <name>copy_decompress_lzss.c.obj</name>
      </input_file>
      <input_file id="fl-41">
         <path>E:\ti\ccs2051\ccs\tools\compiler\ti-cgt-c2000_25.11.0.LTS\lib\</path>
         <kind>archive</kind>
         <file>rts2800_fpu32_eabi.lib</file>
         <name>exit.c.obj</name>
      </input_file>
      <input_file id="fl-42">
         <path>E:\ti\ccs2051\ccs\tools\compiler\ti-cgt-c2000_25.11.0.LTS\lib\</path>
         <kind>archive</kind>
         <file>rts2800_fpu32_eabi.lib</file>
         <name>_lock.c.obj</name>
      </input_file>
      <input_file id="fl-43">
         <path>E:\ti\ccs2051\ccs\tools\compiler\ti-cgt-c2000_25.11.0.LTS\lib\</path>
         <kind>archive</kind>
         <file>rts2800_fpu32_eabi.lib</file>
         <name>args_main.c.obj</name>
      </input_file>
      <input_file id="fl-44">
         <path>E:\ti\ccs2051\ccs\tools\compiler\ti-cgt-c2000_25.11.0.LTS\lib\</path>
         <kind>archive</kind>
         <file>rts2800_fpu32_eabi.lib</file>
         <name>memset.c.obj</name>
      </input_file>
      <input_file id="fl-45">
         <path>E:\ti\ccs2051\ccs\tools\compiler\ti-cgt-c2000_25.11.0.LTS\lib\</path>
         <kind>archive</kind>
         <file>rts2800_fpu32_eabi.lib</file>
         <name>cpy_tbl.c.obj</name>
      </input_file>
      <input_file id="fl-46">
         <path>E:\ti\ccs2051\ccs\tools\compiler\ti-cgt-c2000_25.11.0.LTS\lib\</path>
         <kind>archive</kind>
         <file>rts2800_fpu32_eabi.lib</file>
         <name>memcpy.c.obj</name>
      </input_file>
      <input_file id="fl-47">
         <path>E:\ti\ccs2051\ccs\tools\compiler\ti-cgt-c2000_25.11.0.LTS\lib\</path>
         <kind>archive</kind>
         <file>rts2800_fpu32_eabi.lib</file>
         <name>startup.c.obj</name>
      </input_file>
   </input_file_list>
   <object_component_list>
      <object_component id="oc-1ef">
         <name>PieVectTableFile</name>
         <uninitialized>true</uninitialized>
         <readwrite>true</readwrite>
         <run_address>0xd00</run_address>
         <size>0x100</size>
         <alignment>0x2</alignment>
         <input_file_ref idref="fl-5"/>
      </object_component>
      <object_component id="oc-293">
         <name>FlashRegsFile</name>
         <uninitialized>true</uninitialized>
         <readwrite>true</readwrite>
         <run_address>0xa80</run_address>
         <size>0x8</size>
         <alignment>0x1</alignment>
         <input_file_ref idref="fl-5"/>
      </object_component>
      <object_component id="oc-238">
         <name>AdcMirrorFile</name>
         <uninitialized>true</uninitialized>
         <readwrite>true</readwrite>
         <run_address>0xb00</run_address>
         <size>0x10</size>
         <alignment>0x1</alignment>
         <input_file_ref idref="fl-5"/>
      </object_component>
      <object_component id="oc-1d2">
         <name>CpuTimer0RegsFile</name>
         <uninitialized>true</uninitialized>
         <readwrite>true</readwrite>
         <run_address>0xc00</run_address>
         <size>0x8</size>
         <alignment>0x2</alignment>
         <input_file_ref idref="fl-5"/>
      </object_component>
      <object_component id="oc-2d9">
         <name>CpuTimer1RegsFile</name>
         <uninitialized>true</uninitialized>
         <readwrite>true</readwrite>
         <run_address>0xc08</run_address>
         <size>0x8</size>
         <alignment>0x2</alignment>
         <input_file_ref idref="fl-5"/>
      </object_component>
      <object_component id="oc-1cf">
         <name>CpuTimer2RegsFile</name>
         <uninitialized>true</uninitialized>
         <readwrite>true</readwrite>
         <run_address>0xc10</run_address>
         <size>0x8</size>
         <alignment>0x2</alignment>
         <input_file_ref idref="fl-5"/>
      </object_component>
      <object_component id="oc-1ec">
         <name>PieCtrlRegsFile</name>
         <uninitialized>true</uninitialized>
         <readwrite>true</readwrite>
         <run_address>0xce0</run_address>
         <size>0x1a</size>
         <alignment>0x1</alignment>
         <input_file_ref idref="fl-5"/>
      </object_component>
      <object_component id="oc-220">
         <name>EPwm1RegsFile</name>
         <uninitialized>true</uninitialized>
         <readwrite>true</readwrite>
         <run_address>0x6800</run_address>
         <size>0x22</size>
         <alignment>0x2</alignment>
         <input_file_ref idref="fl-5"/>
      </object_component>
      <object_component id="oc-223">
         <name>EPwm2RegsFile</name>
         <uninitialized>true</uninitialized>
         <readwrite>true</readwrite>
         <run_address>0x6840</run_address>
         <size>0x22</size>
         <alignment>0x2</alignment>
         <input_file_ref idref="fl-5"/>
      </object_component>
      <object_component id="oc-226">
         <name>EPwm3RegsFile</name>
         <uninitialized>true</uninitialized>
         <readwrite>true</readwrite>
         <run_address>0x6880</run_address>
         <size>0x22</size>
         <alignment>0x2</alignment>
         <input_file_ref idref="fl-5"/>
      </object_component>
      <object_component id="oc-229">
         <name>EPwm4RegsFile</name>
         <uninitialized>true</uninitialized>
         <readwrite>true</readwrite>
         <run_address>0x68c0</run_address>
         <size>0x22</size>
         <alignment>0x2</alignment>
         <input_file_ref idref="fl-5"/>
      </object_component>
      <object_component id="oc-22c">
         <name>EPwm5RegsFile</name>
         <uninitialized>true</uninitialized>
         <readwrite>true</readwrite>
         <run_address>0x6900</run_address>
         <size>0x22</size>
         <alignment>0x2</alignment>
         <input_file_ref idref="fl-5"/>
      </object_component>
      <object_component id="oc-22f">
         <name>EPwm6RegsFile</name>
         <uninitialized>true</uninitialized>
         <readwrite>true</readwrite>
         <run_address>0x6940</run_address>
         <size>0x22</size>
         <alignment>0x2</alignment>
         <input_file_ref idref="fl-5"/>
      </object_component>
      <object_component id="oc-1fc">
         <name>GpioCtrlRegsFile</name>
         <uninitialized>true</uninitialized>
         <readwrite>true</readwrite>
         <run_address>0x6f80</run_address>
         <size>0x2e</size>
         <alignment>0x2</alignment>
         <input_file_ref idref="fl-5"/>
      </object_component>
      <object_component id="oc-32b">
         <name>GpioDataRegsFile</name>
         <uninitialized>true</uninitialized>
         <readwrite>true</readwrite>
         <run_address>0x6fc0</run_address>
         <size>0x20</size>
         <alignment>0x2</alignment>
         <input_file_ref idref="fl-5"/>
      </object_component>
      <object_component id="oc-14f">
         <name>SysCtrlRegsFile</name>
         <uninitialized>true</uninitialized>
         <readwrite>true</readwrite>
         <run_address>0x7010</run_address>
         <size>0x20</size>
         <alignment>0x1</alignment>
         <input_file_ref idref="fl-5"/>
      </object_component>
      <object_component id="oc-27d">
         <name>SpiaRegsFile</name>
         <uninitialized>true</uninitialized>
         <readwrite>true</readwrite>
         <run_address>0x7040</run_address>
         <size>0x10</size>
         <alignment>0x1</alignment>
         <input_file_ref idref="fl-5"/>
      </object_component>
      <object_component id="oc-235">
         <name>AdcRegsFile</name>
         <uninitialized>true</uninitialized>
         <readwrite>true</readwrite>
         <run_address>0x7100</run_address>
         <size>0x1e</size>
         <alignment>0x1</alignment>
         <input_file_ref idref="fl-5"/>
      </object_component>
      <object_component id="oc-1f9">
         <name>ScicRegsFile</name>
         <uninitialized>true</uninitialized>
         <readwrite>true</readwrite>
         <run_address>0x7770</run_address>
         <size>0x10</size>
         <alignment>0x1</alignment>
         <input_file_ref idref="fl-5"/>
      </object_component>
      <object_component id="oc-4b">
         <name>codestart</name>
         <load_address>0x33fff6</load_address>
         <readonly>true</readonly>
         <executable>true</executable>
         <run_address>0x33fff6</run_address>
         <size>0x2</size>
         <alignment>0x1</alignment>
         <input_file_ref idref="fl-2"/>
      </object_component>
      <object_component id="oc-6a">
         <name>.text:retain</name>
         <load_address>0x330000</load_address>
         <readonly>true</readonly>
         <executable>true</executable>
         <run_address>0x330000</run_address>
         <size>0x323</size>
         <alignment>0x1</alignment>
         <input_file_ref idref="fl-4"/>
      </object_component>
      <object_component id="oc-e8">
         <name>.text</name>
         <load_address>0x330323</load_address>
         <readonly>true</readonly>
         <executable>true</executable>
         <run_address>0x330323</run_address>
         <size>0x261</size>
         <alignment>0x1</alignment>
         <input_file_ref idref="fl-19"/>
      </object_component>
      <object_component id="oc-73">
         <name>.text:retain</name>
         <load_address>0x330584</load_address>
         <readonly>true</readonly>
         <executable>true</executable>
         <run_address>0x330584</run_address>
         <size>0x1ba</size>
         <alignment>0x1</alignment>
         <input_file_ref idref="fl-d"/>
      </object_component>
      <object_component id="oc-103">
         <name>.text</name>
         <load_address>0x33073e</load_address>
         <readonly>true</readonly>
         <executable>true</executable>
         <run_address>0x33073e</run_address>
         <size>0x15a</size>
         <alignment>0x2</alignment>
         <input_file_ref idref="fl-23"/>
      </object_component>
      <object_component id="oc-74">
         <name>.text</name>
         <load_address>0x330898</load_address>
         <readonly>true</readonly>
         <executable>true</executable>
         <run_address>0x330898</run_address>
         <size>0x158</size>
         <alignment>0x1</alignment>
         <input_file_ref idref="fl-a"/>
      </object_component>
      <object_component id="oc-ee">
         <name>.text</name>
         <load_address>0x3309f0</load_address>
         <readonly>true</readonly>
         <executable>true</executable>
         <run_address>0x3309f0</run_address>
         <size>0x147</size>
         <alignment>0x1</alignment>
         <input_file_ref idref="fl-18"/>
      </object_component>
      <object_component id="oc-2a7">
         <name>.text</name>
         <load_address>0x330b37</load_address>
         <readonly>true</readonly>
         <executable>true</executable>
         <run_address>0x330b37</run_address>
         <size>0x1</size>
         <alignment>0x1</alignment>
         <input_file_ref idref="fl-47"/>
      </object_component>
      <object_component id="oc-e2">
         <name>.text</name>
         <load_address>0x330b38</load_address>
         <readonly>true</readonly>
         <executable>true</executable>
         <run_address>0x330b38</run_address>
         <size>0xf9</size>
         <alignment>0x2</alignment>
         <input_file_ref idref="fl-15"/>
      </object_component>
      <object_component id="oc-10f">
         <name>.text</name>
         <load_address>0x330c31</load_address>
         <readonly>true</readonly>
         <executable>true</executable>
         <run_address>0x330c31</run_address>
         <size>0xd2</size>
         <alignment>0x1</alignment>
         <input_file_ref idref="fl-f"/>
      </object_component>
      <object_component id="oc-11e">
         <name>.text</name>
         <load_address>0x330d03</load_address>
         <readonly>true</readonly>
         <executable>true</executable>
         <run_address>0x330d03</run_address>
         <size>0xc9</size>
         <alignment>0x1</alignment>
         <input_file_ref idref="fl-12"/>
      </object_component>
      <object_component id="oc-ce">
         <name>.text</name>
         <load_address>0x330dcc</load_address>
         <readonly>true</readonly>
         <executable>true</executable>
         <run_address>0x330dcc</run_address>
         <size>0xbc</size>
         <alignment>0x1</alignment>
         <input_file_ref idref="fl-1c"/>
      </object_component>
      <object_component id="oc-270">
         <name>.text</name>
         <load_address>0x330e88</load_address>
         <readonly>true</readonly>
         <executable>true</executable>
         <run_address>0x330e88</run_address>
         <size>0xb8</size>
         <alignment>0x1</alignment>
         <input_file_ref idref="fl-25"/>
      </object_component>
      <object_component id="oc-26a">
         <name>.text</name>
         <load_address>0x330f40</load_address>
         <readonly>true</readonly>
         <executable>true</executable>
         <run_address>0x330f40</run_address>
         <size>0xb2</size>
         <alignment>0x1</alignment>
         <input_file_ref idref="fl-26"/>
      </object_component>
      <object_component id="oc-7f">
         <name>.text</name>
         <load_address>0x330ff2</load_address>
         <readonly>true</readonly>
         <executable>true</executable>
         <run_address>0x330ff2</run_address>
         <size>0xae</size>
         <alignment>0x1</alignment>
         <input_file_ref idref="fl-14"/>
      </object_component>
      <object_component id="oc-118">
         <name>.text</name>
         <load_address>0x3310a0</load_address>
         <readonly>true</readonly>
         <executable>true</executable>
         <run_address>0x3310a0</run_address>
         <size>0x9c</size>
         <alignment>0x1</alignment>
         <input_file_ref idref="fl-22"/>
      </object_component>
      <object_component id="oc-c8">
         <name>.text</name>
         <load_address>0x33113c</load_address>
         <readonly>true</readonly>
         <executable>true</executable>
         <run_address>0x33113c</run_address>
         <size>0x8f</size>
         <alignment>0x1</alignment>
         <input_file_ref idref="fl-c"/>
      </object_component>
      <object_component id="oc-209">
         <name>.text</name>
         <load_address>0x3311cb</load_address>
         <readonly>true</readonly>
         <executable>true</executable>
         <run_address>0x3311cb</run_address>
         <size>0x88</size>
         <alignment>0x1</alignment>
         <input_file_ref idref="fl-39"/>
      </object_component>
      <object_component id="oc-12a">
         <name>.text</name>
         <load_address>0x331254</load_address>
         <readonly>true</readonly>
         <executable>true</executable>
         <run_address>0x331254</run_address>
         <size>0x6f</size>
         <alignment>0x2</alignment>
         <input_file_ref idref="fl-13"/>
      </object_component>
      <object_component id="oc-130">
         <name>.text</name>
         <load_address>0x3312c3</load_address>
         <readonly>true</readonly>
         <executable>true</executable>
         <run_address>0x3312c3</run_address>
         <size>0x69</size>
         <alignment>0x1</alignment>
         <input_file_ref idref="fl-24"/>
      </object_component>
      <object_component id="oc-da">
         <name>.text</name>
         <load_address>0x33132c</load_address>
         <readonly>true</readonly>
         <executable>true</executable>
         <run_address>0x33132c</run_address>
         <size>0x68</size>
         <alignment>0x1</alignment>
         <input_file_ref idref="fl-16"/>
      </object_component>
      <object_component id="oc-20e">
         <name>.text</name>
         <load_address>0x331394</load_address>
         <readonly>true</readonly>
         <executable>true</executable>
         <run_address>0x331394</run_address>
         <size>0x66</size>
         <alignment>0x1</alignment>
         <input_file_ref idref="fl-37"/>
      </object_component>
      <object_component id="oc-16a">
         <name>.text</name>
         <load_address>0x3313fa</load_address>
         <readonly>true</readonly>
         <executable>true</executable>
         <run_address>0x3313fa</run_address>
         <size>0x61</size>
         <alignment>0x1</alignment>
         <input_file_ref idref="fl-1d"/>
      </object_component>
      <object_component id="oc-1d5">
         <name>.text</name>
         <load_address>0x33145b</load_address>
         <readonly>true</readonly>
         <executable>true</executable>
         <run_address>0x33145b</run_address>
         <size>0x5c</size>
         <alignment>0x1</alignment>
         <input_file_ref idref="fl-3"/>
      </object_component>
      <object_component id="oc-15e">
         <name>.text</name>
         <load_address>0x3314b7</load_address>
         <readonly>true</readonly>
         <executable>true</executable>
         <run_address>0x3314b7</run_address>
         <size>0x5b</size>
         <alignment>0x1</alignment>
         <input_file_ref idref="fl-1e"/>
      </object_component>
      <object_component id="oc-124">
         <name>.text</name>
         <load_address>0x331512</load_address>
         <readonly>true</readonly>
         <executable>true</executable>
         <run_address>0x331512</run_address>
         <size>0x57</size>
         <alignment>0x1</alignment>
         <input_file_ref idref="fl-10"/>
      </object_component>
      <object_component id="oc-c2">
         <name>.text</name>
         <load_address>0x331569</load_address>
         <readonly>true</readonly>
         <executable>true</executable>
         <run_address>0x331569</run_address>
         <size>0x56</size>
         <alignment>0x1</alignment>
         <input_file_ref idref="fl-1b"/>
      </object_component>
      <object_component id="oc-d4">
         <name>.text</name>
         <load_address>0x3315bf</load_address>
         <readonly>true</readonly>
         <executable>true</executable>
         <run_address>0x3315bf</run_address>
         <size>0x56</size>
         <alignment>0x1</alignment>
         <input_file_ref idref="fl-11"/>
      </object_component>
      <object_component id="oc-109">
         <name>.text</name>
         <load_address>0x331615</load_address>
         <readonly>true</readonly>
         <executable>true</executable>
         <run_address>0x331615</run_address>
         <size>0x4b</size>
         <alignment>0x1</alignment>
         <input_file_ref idref="fl-21"/>
      </object_component>
      <object_component id="oc-bc">
         <name>.text</name>
         <load_address>0x331660</load_address>
         <readonly>true</readonly>
         <executable>true</executable>
         <run_address>0x331660</run_address>
         <size>0x4a</size>
         <alignment>0x1</alignment>
         <input_file_ref idref="fl-1f"/>
      </object_component>
      <object_component id="oc-253">
         <name>.text</name>
         <load_address>0x3316aa</load_address>
         <readonly>true</readonly>
         <executable>true</executable>
         <run_address>0x3316aa</run_address>
         <size>0x42</size>
         <alignment>0x1</alignment>
         <input_file_ref idref="fl-1a"/>
      </object_component>
      <object_component id="oc-139">
         <name>.text</name>
         <load_address>0x3316ec</load_address>
         <readonly>true</readonly>
         <executable>true</executable>
         <run_address>0x3316ec</run_address>
         <size>0x3a</size>
         <alignment>0x1</alignment>
         <input_file_ref idref="fl-b"/>
      </object_component>
      <object_component id="oc-55">
         <name>.text:decompress:lzss</name>
         <load_address>0x331726</load_address>
         <readonly>true</readonly>
         <executable>true</executable>
         <run_address>0x331726</run_address>
         <size>0x2e</size>
         <alignment>0x1</alignment>
         <input_file_ref idref="fl-40"/>
      </object_component>
      <object_component id="oc-186">
         <name>.text:__TI_auto_init_nobinit_nopinit</name>
         <load_address>0x331754</load_address>
         <readonly>true</readonly>
         <executable>true</executable>
         <run_address>0x331754</run_address>
         <size>0x2b</size>
         <alignment>0x1</alignment>
         <input_file_ref idref="fl-3d"/>
      </object_component>
      <object_component id="oc-214">
         <name>.text</name>
         <load_address>0x33177f</load_address>
         <readonly>true</readonly>
         <executable>true</executable>
         <run_address>0x33177f</run_address>
         <size>0x2a</size>
         <alignment>0x1</alignment>
         <input_file_ref idref="fl-3b"/>
      </object_component>
      <object_component id="oc-b0">
         <name>.text</name>
         <load_address>0x3317a9</load_address>
         <readonly>true</readonly>
         <executable>true</executable>
         <run_address>0x3317a9</run_address>
         <size>0x29</size>
         <alignment>0x1</alignment>
         <input_file_ref idref="fl-41"/>
      </object_component>
      <object_component id="oc-1e0">
         <name>.text</name>
         <load_address>0x3317d2</load_address>
         <readonly>true</readonly>
         <executable>true</executable>
         <run_address>0x3317d2</run_address>
         <size>0x28</size>
         <alignment>0x1</alignment>
         <input_file_ref idref="fl-7"/>
      </object_component>
      <object_component id="oc-145">
         <name>.text</name>
         <load_address>0x3317fa</load_address>
         <readonly>true</readonly>
         <executable>true</executable>
         <run_address>0x3317fa</run_address>
         <size>0x23</size>
         <alignment>0x1</alignment>
         <input_file_ref idref="fl-20"/>
      </object_component>
      <object_component id="oc-8f">
         <name>.text</name>
         <load_address>0x33181d</load_address>
         <readonly>true</readonly>
         <executable>true</executable>
         <run_address>0x33181d</run_address>
         <size>0x20</size>
         <alignment>0x1</alignment>
         <input_file_ref idref="fl-46"/>
      </object_component>
      <object_component id="oc-1b6">
         <name>.text</name>
         <load_address>0x33183d</load_address>
         <readonly>true</readonly>
         <executable>true</executable>
         <run_address>0x33183d</run_address>
         <size>0x1a</size>
         <alignment>0x1</alignment>
         <input_file_ref idref="fl-e"/>
      </object_component>
      <object_component id="oc-62">
         <name>.text</name>
         <load_address>0x331857</load_address>
         <readonly>true</readonly>
         <executable>true</executable>
         <run_address>0x331857</run_address>
         <size>0x17</size>
         <alignment>0x1</alignment>
         <input_file_ref idref="fl-38"/>
      </object_component>
      <object_component id="oc-13f">
         <name>.text</name>
         <load_address>0x33186e</load_address>
         <readonly>true</readonly>
         <executable>true</executable>
         <run_address>0x33186e</run_address>
         <size>0x14</size>
         <alignment>0x1</alignment>
         <input_file_ref idref="fl-d"/>
      </object_component>
      <object_component id="oc-aa">
         <name>.text</name>
         <load_address>0x331882</load_address>
         <readonly>true</readonly>
         <executable>true</executable>
         <run_address>0x331882</run_address>
         <size>0x12</size>
         <alignment>0x1</alignment>
         <input_file_ref idref="fl-43"/>
      </object_component>
      <object_component id="oc-1e6">
         <name>.text</name>
         <load_address>0x331894</load_address>
         <readonly>true</readonly>
         <executable>true</executable>
         <run_address>0x331894</run_address>
         <size>0x11</size>
         <alignment>0x1</alignment>
         <input_file_ref idref="fl-8"/>
      </object_component>
      <object_component id="oc-158">
         <name>.text</name>
         <load_address>0x3318a5</load_address>
         <readonly>true</readonly>
         <executable>true</executable>
         <run_address>0x3318a5</run_address>
         <size>0x10</size>
         <alignment>0x1</alignment>
         <input_file_ref idref="fl-6"/>
      </object_component>
      <object_component id="oc-2c7">
         <name>.text</name>
         <load_address>0x3318b5</load_address>
         <readonly>true</readonly>
         <executable>true</executable>
         <run_address>0x3318b5</run_address>
         <size>0x9</size>
         <alignment>0x1</alignment>
         <input_file_ref idref="fl-42"/>
      </object_component>
      <object_component id="oc-86">
         <name>.text</name>
         <load_address>0x3318be</load_address>
         <readonly>true</readonly>
         <executable>true</executable>
         <run_address>0x3318be</run_address>
         <size>0x8</size>
         <alignment>0x1</alignment>
         <input_file_ref idref="fl-2"/>
      </object_component>
      <object_component id="oc-5b">
         <name>.text:decompress:none</name>
         <load_address>0x3318c6</load_address>
         <readonly>true</readonly>
         <executable>true</executable>
         <run_address>0x3318c6</run_address>
         <size>0x8</size>
         <alignment>0x1</alignment>
         <input_file_ref idref="fl-3f"/>
      </object_component>
      <object_component id="oc-17d">
         <name>.text</name>
         <load_address>0x3318ce</load_address>
         <readonly>true</readonly>
         <executable>true</executable>
         <run_address>0x3318ce</run_address>
         <size>0x7</size>
         <alignment>0x1</alignment>
         <input_file_ref idref="fl-44"/>
      </object_component>
      <object_component id="oc-9d">
         <name>.text:decompress:ZI</name>
         <load_address>0x3318d5</load_address>
         <readonly>true</readonly>
         <executable>true</executable>
         <run_address>0x3318d5</run_address>
         <size>0x6</size>
         <alignment>0x1</alignment>
         <input_file_ref idref="fl-3e"/>
      </object_component>
      <object_component id="oc-a3">
         <name>.text</name>
         <load_address>0x3318db</load_address>
         <readonly>true</readonly>
         <executable>true</executable>
         <run_address>0x3318db</run_address>
         <size>0x2</size>
         <alignment>0x1</alignment>
         <input_file_ref idref="fl-3c"/>
      </object_component>
      <object_component id="oc-407">
         <name>.cinit..data.load</name>
         <load_address>0x331916</load_address>
         <readonly>true</readonly>
         <run_address>0x331916</run_address>
         <size>0xb</size>
         <alignment>0x1</alignment>
      </object_component>
      <object_component id="oc-3f1">
         <name>__TI_handler_table</name>
         <load_address>0x331922</load_address>
         <readonly>true</readonly>
         <run_address>0x331922</run_address>
         <size>0x6</size>
         <alignment>0x2</alignment>
      </object_component>
      <object_component id="oc-406">
         <name>.cinit..bss.load</name>
         <load_address>0x331928</load_address>
         <readonly>true</readonly>
         <run_address>0x331928</run_address>
         <size>0x4</size>
         <alignment>0x2</alignment>
      </object_component>
      <object_component id="oc-3f5">
         <name>.cinit.AdcMirrorFile.load</name>
         <load_address>0x33192c</load_address>
         <readonly>true</readonly>
         <run_address>0x33192c</run_address>
         <size>0x4</size>
         <alignment>0x2</alignment>
      </object_component>
      <object_component id="oc-404">
         <name>.cinit.AdcRegsFile.load</name>
         <load_address>0x331930</load_address>
         <readonly>true</readonly>
         <run_address>0x331930</run_address>
         <size>0x4</size>
         <alignment>0x2</alignment>
      </object_component>
      <object_component id="oc-3f6">
         <name>.cinit.CpuTimer0RegsFile.load</name>
         <load_address>0x331934</load_address>
         <readonly>true</readonly>
         <run_address>0x331934</run_address>
         <size>0x4</size>
         <alignment>0x2</alignment>
      </object_component>
      <object_component id="oc-3f7">
         <name>.cinit.CpuTimer1RegsFile.load</name>
         <load_address>0x331938</load_address>
         <readonly>true</readonly>
         <run_address>0x331938</run_address>
         <size>0x4</size>
         <alignment>0x2</alignment>
      </object_component>
      <object_component id="oc-3f8">
         <name>.cinit.CpuTimer2RegsFile.load</name>
         <load_address>0x33193c</load_address>
         <readonly>true</readonly>
         <run_address>0x33193c</run_address>
         <size>0x4</size>
         <alignment>0x2</alignment>
      </object_component>
      <object_component id="oc-3fa">
         <name>.cinit.EPwm1RegsFile.load</name>
         <load_address>0x331940</load_address>
         <readonly>true</readonly>
         <run_address>0x331940</run_address>
         <size>0x4</size>
         <alignment>0x2</alignment>
      </object_component>
      <object_component id="oc-3fb">
         <name>.cinit.EPwm2RegsFile.load</name>
         <load_address>0x331944</load_address>
         <readonly>true</readonly>
         <run_address>0x331944</run_address>
         <size>0x4</size>
         <alignment>0x2</alignment>
      </object_component>
      <object_component id="oc-3fc">
         <name>.cinit.EPwm3RegsFile.load</name>
         <load_address>0x331948</load_address>
         <readonly>true</readonly>
         <run_address>0x331948</run_address>
         <size>0x4</size>
         <alignment>0x2</alignment>
      </object_component>
      <object_component id="oc-3fd">
         <name>.cinit.EPwm4RegsFile.load</name>
         <load_address>0x33194c</load_address>
         <readonly>true</readonly>
         <run_address>0x33194c</run_address>
         <size>0x4</size>
         <alignment>0x2</alignment>
      </object_component>
      <object_component id="oc-3fe">
         <name>.cinit.EPwm5RegsFile.load</name>
         <load_address>0x331950</load_address>
         <readonly>true</readonly>
         <run_address>0x331950</run_address>
         <size>0x4</size>
         <alignment>0x2</alignment>
      </object_component>
      <object_component id="oc-3ff">
         <name>.cinit.EPwm6RegsFile.load</name>
         <load_address>0x331954</load_address>
         <readonly>true</readonly>
         <run_address>0x331954</run_address>
         <size>0x4</size>
         <alignment>0x2</alignment>
      </object_component>
      <object_component id="oc-3f4">
         <name>.cinit.FlashRegsFile.load</name>
         <load_address>0x331958</load_address>
         <readonly>true</readonly>
         <run_address>0x331958</run_address>
         <size>0x4</size>
         <alignment>0x2</alignment>
      </object_component>
      <object_component id="oc-400">
         <name>.cinit.GpioCtrlRegsFile.load</name>
         <load_address>0x33195c</load_address>
         <readonly>true</readonly>
         <run_address>0x33195c</run_address>
         <size>0x4</size>
         <alignment>0x2</alignment>
      </object_component>
      <object_component id="oc-401">
         <name>.cinit.GpioDataRegsFile.load</name>
         <load_address>0x331960</load_address>
         <readonly>true</readonly>
         <run_address>0x331960</run_address>
         <size>0x4</size>
         <alignment>0x2</alignment>
      </object_component>
      <object_component id="oc-3f9">
         <name>.cinit.PieCtrlRegsFile.load</name>
         <load_address>0x331964</load_address>
         <readonly>true</readonly>
         <run_address>0x331964</run_address>
         <size>0x4</size>
         <alignment>0x2</alignment>
      </object_component>
      <object_component id="oc-3f3">
         <name>.cinit.PieVectTableFile.load</name>
         <load_address>0x331968</load_address>
         <readonly>true</readonly>
         <run_address>0x331968</run_address>
         <size>0x4</size>
         <alignment>0x2</alignment>
      </object_component>
      <object_component id="oc-405">
         <name>.cinit.ScicRegsFile.load</name>
         <load_address>0x33196c</load_address>
         <readonly>true</readonly>
         <run_address>0x33196c</run_address>
         <size>0x4</size>
         <alignment>0x2</alignment>
      </object_component>
      <object_component id="oc-403">
         <name>.cinit.SpiaRegsFile.load</name>
         <load_address>0x331970</load_address>
         <readonly>true</readonly>
         <run_address>0x331970</run_address>
         <size>0x4</size>
         <alignment>0x2</alignment>
      </object_component>
      <object_component id="oc-402">
         <name>.cinit.SysCtrlRegsFile.load</name>
         <load_address>0x331974</load_address>
         <readonly>true</readonly>
         <run_address>0x331974</run_address>
         <size>0x4</size>
         <alignment>0x2</alignment>
      </object_component>
      <object_component id="oc-408">
         <name>.cinit.comm_buffer.load</name>
         <load_address>0x331978</load_address>
         <readonly>true</readonly>
         <run_address>0x331978</run_address>
         <size>0x4</size>
         <alignment>0x2</alignment>
      </object_component>
      <object_component id="oc-409">
         <name>.cinit.diagnostics.load</name>
         <load_address>0x33197c</load_address>
         <readonly>true</readonly>
         <run_address>0x33197c</run_address>
         <size>0x4</size>
         <alignment>0x2</alignment>
      </object_component>
      <object_component id="oc-3f2">
         <name>__TI_cinit_table</name>
         <load_address>0x331980</load_address>
         <readonly>true</readonly>
         <run_address>0x331980</run_address>
         <size>0x5c</size>
         <alignment>0x2</alignment>
      </object_component>
      <object_component id="oc-24a">
         <name>.switch:ModbusVdc_ReadReg</name>
         <load_address>0x3318fe</load_address>
         <readonly>true</readonly>
         <run_address>0x3318fe</run_address>
         <size>0x18</size>
         <alignment>0x2</alignment>
         <input_file_ref idref="fl-23"/>
      </object_component>
      <object_component id="oc-85">
         <name>.stack</name>
         <uninitialized>true</uninitialized>
         <readwrite>true</readwrite>
         <run_address>0x400</run_address>
         <size>0x0</size>
         <alignment>0x1</alignment>
         <input_file_ref idref="fl-38"/>
      </object_component>
      <object_component id="oc-40a">
         <name>.stack</name>
         <uninitialized>true</uninitialized>
         <readwrite>true</readwrite>
         <run_address>0x400</run_address>
         <size>0x0</size>
         <alignment>0x2</alignment>
      </object_component>
      <object_component id="oc-1db">
         <name>.bss</name>
         <uninitialized>true</uninitialized>
         <readwrite>true</readwrite>
         <run_address>0xc5c0</run_address>
         <size>0x18</size>
         <alignment>0x2</alignment>
         <input_file_ref idref="fl-3"/>
      </object_component>
      <object_component id="oc-136">
         <name>.bss</name>
         <uninitialized>true</uninitialized>
         <readwrite>true</readwrite>
         <run_address>0xc4b0</run_address>
         <size>0xc</size>
         <alignment>0x2</alignment>
         <input_file_ref idref="fl-a"/>
      </object_component>
      <object_component id="oc-100">
         <name>.bss</name>
         <uninitialized>true</uninitialized>
         <readwrite>true</readwrite>
         <run_address>0xc606</run_address>
         <size>0x2</size>
         <alignment>0x2</alignment>
         <input_file_ref idref="fl-d"/>
      </object_component>
      <object_component id="oc-f7">
         <name>.bss:g_vac_raw</name>
         <uninitialized>true</uninitialized>
         <readwrite>true</readwrite>
         <run_address>0xc5bc</run_address>
         <size>0x3</size>
         <alignment>0x1</alignment>
         <input_file_ref idref="fl-d"/>
      </object_component>
      <object_component id="oc-fa">
         <name>.bss:g_iac_raw</name>
         <uninitialized>true</uninitialized>
         <readwrite>true</readwrite>
         <run_address>0xc4bc</run_address>
         <size>0x3</size>
         <alignment>0x1</alignment>
         <input_file_ref idref="fl-d"/>
      </object_component>
      <object_component id="oc-f4">
         <name>.bss:g_vdc_raw</name>
         <uninitialized>true</uninitialized>
         <readwrite>true</readwrite>
         <run_address>0xc5f8</run_address>
         <size>0x6</size>
         <alignment>0x1</alignment>
         <input_file_ref idref="fl-d"/>
      </object_component>
      <object_component id="oc-2bc">
         <name>.bss</name>
         <uninitialized>true</uninitialized>
         <readwrite>true</readwrite>
         <run_address>0xc4c0</run_address>
         <size>0xdc</size>
         <alignment>0x2</alignment>
         <input_file_ref idref="fl-e"/>
      </object_component>
      <object_component id="oc-219">
         <name>.bss</name>
         <uninitialized>true</uninitialized>
         <readwrite>true</readwrite>
         <run_address>0xc4bf</run_address>
         <size>0x1</size>
         <alignment>0x1</alignment>
         <input_file_ref idref="fl-16"/>
      </object_component>
      <object_component id="oc-206">
         <name>.bss:sin_table</name>
         <uninitialized>true</uninitialized>
         <readwrite>true</readwrite>
         <run_address>0xc000</run_address>
         <size>0x4b0</size>
         <alignment>0x1</alignment>
         <input_file_ref idref="fl-16"/>
      </object_component>
      <object_component id="oc-1cc">
         <name>.bss</name>
         <uninitialized>true</uninitialized>
         <readwrite>true</readwrite>
         <run_address>0xc5fe</run_address>
         <size>0x2</size>
         <alignment>0x2</alignment>
         <input_file_ref idref="fl-1f"/>
      </object_component>
      <object_component id="oc-259">
         <name>.bss</name>
         <uninitialized>true</uninitialized>
         <readwrite>true</readwrite>
         <run_address>0xc600</run_address>
         <size>0x6</size>
         <alignment>0x2</alignment>
         <input_file_ref idref="fl-21"/>
      </object_component>
      <object_component id="oc-115">
         <name>.bss</name>
         <uninitialized>true</uninitialized>
         <readwrite>true</readwrite>
         <run_address>0xc5d8</run_address>
         <size>0x18</size>
         <alignment>0x2</alignment>
         <input_file_ref idref="fl-22"/>
      </object_component>
      <object_component id="oc-24e">
         <name>.bss</name>
         <uninitialized>true</uninitialized>
         <readwrite>true</readwrite>
         <run_address>0xc5f0</run_address>
         <size>0x8</size>
         <alignment>0x2</alignment>
         <input_file_ref idref="fl-23"/>
      </object_component>
      <object_component id="oc-24b">
         <name>.bss:rx_buf</name>
         <uninitialized>true</uninitialized>
         <readwrite>true</readwrite>
         <run_address>0xc59c</run_address>
         <size>0x20</size>
         <alignment>0x1</alignment>
         <input_file_ref idref="fl-23"/>
      </object_component>
      <object_component id="oc-fd">
         <name>.data</name>
         <load_address>0xc80c</load_address>
         <readwrite>true</readwrite>
         <run_address>0xc80c</run_address>
         <size>0xa</size>
         <alignment>0x2</alignment>
         <input_file_ref idref="fl-d"/>
      </object_component>
      <object_component id="oc-232">
         <name>.data</name>
         <load_address>0xc820</load_address>
         <readwrite>true</readwrite>
         <run_address>0xc820</run_address>
         <size>0x1</size>
         <alignment>0x1</alignment>
         <input_file_ref idref="fl-19"/>
      </object_component>
      <object_component id="oc-1be">
         <name>.data</name>
         <load_address>0xc816</load_address>
         <readwrite>true</readwrite>
         <run_address>0xc816</run_address>
         <size>0x6</size>
         <alignment>0x2</alignment>
         <input_file_ref idref="fl-41"/>
      </object_component>
      <object_component id="oc-1c1">
         <name>.data:_lock</name>
         <load_address>0xc81c</load_address>
         <readwrite>true</readwrite>
         <run_address>0xc81c</run_address>
         <size>0x2</size>
         <alignment>0x2</alignment>
         <input_file_ref idref="fl-42"/>
      </object_component>
      <object_component id="oc-370">
         <name>.data:_unlock</name>
         <load_address>0xc81e</load_address>
         <readwrite>true</readwrite>
         <run_address>0xc81e</run_address>
         <size>0x2</size>
         <alignment>0x2</alignment>
         <input_file_ref idref="fl-42"/>
      </object_component>
      <object_component id="oc-70">
         <name>.const</name>
         <load_address>0xd000</load_address>
         <readonly>true</readonly>
         <run_address>0xd000</run_address>
         <size>0x100</size>
         <alignment>0x2</alignment>
         <input_file_ref idref="fl-8"/>
      </object_component>
      <object_component id="oc-247">
         <name>.const:crc_table</name>
         <load_address>0xd100</load_address>
         <readonly>true</readonly>
         <run_address>0xd100</run_address>
         <size>0x100</size>
         <alignment>0x1</alignment>
         <input_file_ref idref="fl-23"/>
      </object_component>
      <object_component id="oc-155">
         <name>.const</name>
         <load_address>0xd200</load_address>
         <readonly>true</readonly>
         <run_address>0xd200</run_address>
         <size>0x28</size>
         <alignment>0x2</alignment>
         <input_file_ref idref="fl-14"/>
      </object_component>
      <object_component id="oc-2bf">
         <name>.const:msg$1</name>
         <load_address>0xd228</load_address>
         <readonly>true</readonly>
         <run_address>0xd228</run_address>
         <size>0xd</size>
         <alignment>0x1</alignment>
         <input_file_ref idref="fl-e"/>
      </object_component>
      <object_component id="oc-152">
         <name>.const:pwm_modules</name>
         <load_address>0xd236</load_address>
         <readonly>true</readonly>
         <run_address>0xd236</run_address>
         <size>0xc</size>
         <alignment>0x2</alignment>
         <input_file_ref idref="fl-14"/>
      </object_component>
      <object_component id="oc-e1">
         <name>.const:s_left_module$1</name>
         <load_address>0xd242</load_address>
         <readonly>true</readonly>
         <run_address>0xd242</run_address>
         <size>0x6</size>
         <alignment>0x2</alignment>
         <input_file_ref idref="fl-d"/>
      </object_component>
      <object_component id="oc-e0">
         <name>.const:s_right_module$2</name>
         <load_address>0xd248</load_address>
         <readonly>true</readonly>
         <run_address>0xd248</run_address>
         <size>0x6</size>
         <alignment>0x2</alignment>
         <input_file_ref idref="fl-d"/>
      </object_component>
      <object_component id="oc-201">
         <name>comm_buffer</name>
         <uninitialized>true</uninitialized>
         <readwrite>true</readwrite>
         <run_address>0xc608</run_address>
         <size>0x204</size>
         <alignment>0x2</alignment>
         <input_file_ref idref="fl-11"/>
      </object_component>
      <object_component id="oc-1f4">
         <name>diagnostics</name>
         <uninitialized>true</uninitialized>
         <readwrite>true</readwrite>
         <run_address>0xc840</run_address>
         <size>0x40</size>
         <alignment>0x2</alignment>
         <input_file_ref idref="fl-c"/>
      </object_component>
      <object_component id="oc-164">
         <name>ramfuncs</name>
         <load_address>0x3318dd</load_address>
         <readonly>true</readonly>
         <executable>true</executable>
         <run_address>0x8000</run_address>
         <size>0x1d</size>
         <alignment>0x1</alignment>
         <input_file_ref idref="fl-1e"/>
      </object_component>
      <object_component id="oc-50">
         <name>ramfuncs</name>
         <load_address>0x3318fa</load_address>
         <readonly>true</readonly>
         <executable>true</executable>
         <run_address>0x801d</run_address>
         <size>0x4</size>
         <alignment>0x1</alignment>
         <input_file_ref idref="fl-9"/>
      </object_component>
      <object_component id="oc-4c">
         <name>.debug_info</name>
         <load_address>0x0</load_address>
         <run_address>0x0</run_address>
         <size>0xf6</size>
         <alignment>0x0</alignment>
         <input_file_ref idref="fl-2"/>
      </object_component>
      <object_component id="oc-87">
         <name>.debug_info</name>
         <load_address>0xf6</load_address>
         <run_address>0xf6</run_address>
         <size>0xf6</size>
         <alignment>0x0</alignment>
         <input_file_ref idref="fl-2"/>
      </object_component>
      <object_component id="oc-1dc">
         <name>.debug_info</name>
         <load_address>0x1ec</load_address>
         <run_address>0x1ec</run_address>
         <size>0x12e</size>
         <alignment>0x0</alignment>
         <input_file_ref idref="fl-3"/>
      </object_component>
      <object_component id="oc-1d6">
         <name>.debug_info</name>
         <load_address>0x31a</load_address>
         <run_address>0x31a</run_address>
         <size>0x1d2</size>
         <alignment>0x0</alignment>
         <input_file_ref idref="fl-3"/>
      </object_component>
      <object_component id="oc-6d">
         <name>.debug_info</name>
         <load_address>0x4ec</load_address>
         <run_address>0x4ec</run_address>
         <size>0x16a4</size>
         <alignment>0x0</alignment>
         <input_file_ref idref="fl-4"/>
      </object_component>
      <object_component id="oc-1d3">
         <name>.debug_info</name>
         <load_address>0x1b90</load_address>
         <run_address>0x1b90</run_address>
         <size>0xf2</size>
         <alignment>0x0</alignment>
         <input_file_ref idref="fl-5"/>
      </object_component>
      <object_component id="oc-2da">
         <name>.debug_info</name>
         <load_address>0x1c82</load_address>
         <run_address>0x1c82</run_address>
         <size>0xf2</size>
         <alignment>0x0</alignment>
         <input_file_ref idref="fl-5"/>
      </object_component>
      <object_component id="oc-1d0">
         <name>.debug_info</name>
         <load_address>0x1d74</load_address>
         <run_address>0x1d74</run_address>
         <size>0xf2</size>
         <alignment>0x0</alignment>
         <input_file_ref idref="fl-5"/>
      </object_component>
      <object_component id="oc-294">
         <name>.debug_info</name>
         <load_address>0x1e66</load_address>
         <run_address>0x1e66</run_address>
         <size>0xeb</size>
         <alignment>0x0</alignment>
         <input_file_ref idref="fl-5"/>
      </object_component>
      <object_component id="oc-239">
         <name>.debug_info</name>
         <load_address>0x1f51</load_address>
         <run_address>0x1f51</run_address>
         <size>0xea</size>
         <alignment>0x0</alignment>
         <input_file_ref idref="fl-5"/>
      </object_component>
      <object_component id="oc-1fa">
         <name>.debug_info</name>
         <load_address>0x203b</load_address>
         <run_address>0x203b</run_address>
         <size>0xe9</size>
         <alignment>0x0</alignment>
         <input_file_ref idref="fl-5"/>
      </object_component>
      <object_component id="oc-27e">
         <name>.debug_info</name>
         <load_address>0x2124</load_address>
         <run_address>0x2124</run_address>
         <size>0xe9</size>
         <alignment>0x0</alignment>
         <input_file_ref idref="fl-5"/>
      </object_component>
      <object_component id="oc-1ed">
         <name>.debug_info</name>
         <load_address>0x220d</load_address>
         <run_address>0x220d</run_address>
         <size>0xef</size>
         <alignment>0x0</alignment>
         <input_file_ref idref="fl-5"/>
      </object_component>
      <object_component id="oc-236">
         <name>.debug_info</name>
         <load_address>0x22fc</load_address>
         <run_address>0x22fc</run_address>
         <size>0xe6</size>
         <alignment>0x0</alignment>
         <input_file_ref idref="fl-5"/>
      </object_component>
      <object_component id="oc-32c">
         <name>.debug_info</name>
         <load_address>0x23e2</load_address>
         <run_address>0x23e2</run_address>
         <size>0xf1</size>
         <alignment>0x0</alignment>
         <input_file_ref idref="fl-5"/>
      </object_component>
      <object_component id="oc-150">
         <name>.debug_info</name>
         <load_address>0x24d3</load_address>
         <run_address>0x24d3</run_address>
         <size>0xef</size>
         <alignment>0x0</alignment>
         <input_file_ref idref="fl-5"/>
      </object_component>
      <object_component id="oc-221">
         <name>.debug_info</name>
         <load_address>0x25c2</load_address>
         <run_address>0x25c2</run_address>
         <size>0xea</size>
         <alignment>0x0</alignment>
         <input_file_ref idref="fl-5"/>
      </object_component>
      <object_component id="oc-224">
         <name>.debug_info</name>
         <load_address>0x26ac</load_address>
         <run_address>0x26ac</run_address>
         <size>0xea</size>
         <alignment>0x0</alignment>
         <input_file_ref idref="fl-5"/>
      </object_component>
      <object_component id="oc-227">
         <name>.debug_info</name>
         <load_address>0x2796</load_address>
         <run_address>0x2796</run_address>
         <size>0xea</size>
         <alignment>0x0</alignment>
         <input_file_ref idref="fl-5"/>
      </object_component>
      <object_component id="oc-22a">
         <name>.debug_info</name>
         <load_address>0x2880</load_address>
         <run_address>0x2880</run_address>
         <size>0xea</size>
         <alignment>0x0</alignment>
         <input_file_ref idref="fl-5"/>
      </object_component>
      <object_component id="oc-22d">
         <name>.debug_info</name>
         <load_address>0x296a</load_address>
         <run_address>0x296a</run_address>
         <size>0xea</size>
         <alignment>0x0</alignment>
         <input_file_ref idref="fl-5"/>
      </object_component>
      <object_component id="oc-230">
         <name>.debug_info</name>
         <load_address>0x2a54</load_address>
         <run_address>0x2a54</run_address>
         <size>0xea</size>
         <alignment>0x0</alignment>
         <input_file_ref idref="fl-5"/>
      </object_component>
      <object_component id="oc-1fd">
         <name>.debug_info</name>
         <load_address>0x2b3e</load_address>
         <run_address>0x2b3e</run_address>
         <size>0xf1</size>
         <alignment>0x0</alignment>
         <input_file_ref idref="fl-5"/>
      </object_component>
      <object_component id="oc-1f0">
         <name>.debug_info</name>
         <load_address>0x2c2f</load_address>
         <run_address>0x2c2f</run_address>
         <size>0xf1</size>
         <alignment>0x0</alignment>
         <input_file_ref idref="fl-5"/>
      </object_component>
      <object_component id="oc-15a">
         <name>.debug_info</name>
         <load_address>0x2d20</load_address>
         <run_address>0x2d20</run_address>
         <size>0x18c</size>
         <alignment>0x0</alignment>
         <input_file_ref idref="fl-6"/>
      </object_component>
      <object_component id="oc-1e2">
         <name>.debug_info</name>
         <load_address>0x2eac</load_address>
         <run_address>0x2eac</run_address>
         <size>0x162</size>
         <alignment>0x0</alignment>
         <input_file_ref idref="fl-7"/>
      </object_component>
      <object_component id="oc-71">
         <name>.debug_info</name>
         <load_address>0x300e</load_address>
         <run_address>0x300e</run_address>
         <size>0xee</size>
         <alignment>0x0</alignment>
         <input_file_ref idref="fl-8"/>
      </object_component>
      <object_component id="oc-1e7">
         <name>.debug_info</name>
         <load_address>0x30fc</load_address>
         <run_address>0x30fc</run_address>
         <size>0x139</size>
         <alignment>0x0</alignment>
         <input_file_ref idref="fl-8"/>
      </object_component>
      <object_component id="oc-51">
         <name>.debug_info</name>
         <load_address>0x3235</load_address>
         <run_address>0x3235</run_address>
         <size>0xf0</size>
         <alignment>0x0</alignment>
         <input_file_ref idref="fl-9"/>
      </object_component>
      <object_component id="oc-137">
         <name>.debug_info</name>
         <load_address>0x3325</load_address>
         <run_address>0x3325</run_address>
         <size>0xd8</size>
         <alignment>0x0</alignment>
         <input_file_ref idref="fl-a"/>
      </object_component>
      <object_component id="oc-76">
         <name>.debug_info</name>
         <load_address>0x33fd</load_address>
         <run_address>0x33fd</run_address>
         <size>0xaf8</size>
         <alignment>0x0</alignment>
         <input_file_ref idref="fl-a"/>
      </object_component>
      <object_component id="oc-13c">
         <name>.debug_info</name>
         <load_address>0x3ef5</load_address>
         <run_address>0x3ef5</run_address>
         <size>0x1a7</size>
         <alignment>0x0</alignment>
         <input_file_ref idref="fl-b"/>
      </object_component>
      <object_component id="oc-1f5">
         <name>.debug_info</name>
         <load_address>0x409c</load_address>
         <run_address>0x409c</run_address>
         <size>0xec</size>
         <alignment>0x0</alignment>
         <input_file_ref idref="fl-c"/>
      </object_component>
      <object_component id="oc-cb">
         <name>.debug_info</name>
         <load_address>0x4188</load_address>
         <run_address>0x4188</run_address>
         <size>0x82c</size>
         <alignment>0x0</alignment>
         <input_file_ref idref="fl-c"/>
      </object_component>
      <object_component id="oc-fe">
         <name>.debug_info</name>
         <load_address>0x49b4</load_address>
         <run_address>0x49b4</run_address>
         <size>0x19c</size>
         <alignment>0x0</alignment>
         <input_file_ref idref="fl-d"/>
      </object_component>
      <object_component id="oc-101">
         <name>.debug_info</name>
         <load_address>0x4b50</load_address>
         <run_address>0x4b50</run_address>
         <size>0xec</size>
         <alignment>0x0</alignment>
         <input_file_ref idref="fl-d"/>
      </object_component>
      <object_component id="oc-f8">
         <name>.debug_info</name>
         <load_address>0x4c3c</load_address>
         <run_address>0x4c3c</run_address>
         <size>0xdc</size>
         <alignment>0x0</alignment>
         <input_file_ref idref="fl-d"/>
      </object_component>
      <object_component id="oc-fb">
         <name>.debug_info</name>
         <load_address>0x4d18</load_address>
         <run_address>0x4d18</run_address>
         <size>0xdc</size>
         <alignment>0x0</alignment>
         <input_file_ref idref="fl-d"/>
      </object_component>
      <object_component id="oc-f5">
         <name>.debug_info</name>
         <load_address>0x4df4</load_address>
         <run_address>0x4df4</run_address>
         <size>0xdc</size>
         <alignment>0x0</alignment>
         <input_file_ref idref="fl-d"/>
      </object_component>
      <object_component id="oc-7c">
         <name>.debug_info</name>
         <load_address>0x4ed0</load_address>
         <run_address>0x4ed0</run_address>
         <size>0x7ce</size>
         <alignment>0x0</alignment>
         <input_file_ref idref="fl-d"/>
      </object_component>
      <object_component id="oc-143">
         <name>.debug_info</name>
         <load_address>0x569e</load_address>
         <run_address>0x569e</run_address>
         <size>0x30b</size>
         <alignment>0x0</alignment>
         <input_file_ref idref="fl-d"/>
      </object_component>
      <object_component id="oc-2bd">
         <name>.debug_info</name>
         <load_address>0x59a9</load_address>
         <run_address>0x59a9</run_address>
         <size>0xd5</size>
         <alignment>0x0</alignment>
         <input_file_ref idref="fl-e"/>
      </object_component>
      <object_component id="oc-1b7">
         <name>.debug_info</name>
         <load_address>0x5a7e</load_address>
         <run_address>0x5a7e</run_address>
         <size>0x13f</size>
         <alignment>0x0</alignment>
         <input_file_ref idref="fl-e"/>
      </object_component>
      <object_component id="oc-113">
         <name>.debug_info</name>
         <load_address>0x5bbd</load_address>
         <run_address>0x5bbd</run_address>
         <size>0x68c</size>
         <alignment>0x0</alignment>
         <input_file_ref idref="fl-f"/>
      </object_component>
      <object_component id="oc-127">
         <name>.debug_info</name>
         <load_address>0x6249</load_address>
         <run_address>0x6249</run_address>
         <size>0x547</size>
         <alignment>0x0</alignment>
         <input_file_ref idref="fl-10"/>
      </object_component>
      <object_component id="oc-202">
         <name>.debug_info</name>
         <load_address>0x6790</load_address>
         <run_address>0x6790</run_address>
         <size>0xef</size>
         <alignment>0x0</alignment>
         <input_file_ref idref="fl-11"/>
      </object_component>
      <object_component id="oc-d5">
         <name>.debug_info</name>
         <load_address>0x687f</load_address>
         <run_address>0x687f</run_address>
         <size>0x3af</size>
         <alignment>0x0</alignment>
         <input_file_ref idref="fl-11"/>
      </object_component>
      <object_component id="oc-11f">
         <name>.debug_info</name>
         <load_address>0x6c2e</load_address>
         <run_address>0x6c2e</run_address>
         <size>0x850</size>
         <alignment>0x0</alignment>
         <input_file_ref idref="fl-12"/>
      </object_component>
      <object_component id="oc-12d">
         <name>.debug_info</name>
         <load_address>0x747e</load_address>
         <run_address>0x747e</run_address>
         <size>0x3e7</size>
         <alignment>0x0</alignment>
         <input_file_ref idref="fl-13"/>
      </object_component>
      <object_component id="oc-156">
         <name>.debug_info</name>
         <load_address>0x7865</load_address>
         <run_address>0x7865</run_address>
         <size>0x162</size>
         <alignment>0x0</alignment>
         <input_file_ref idref="fl-14"/>
      </object_component>
      <object_component id="oc-153">
         <name>.debug_info</name>
         <load_address>0x79c7</load_address>
         <run_address>0x79c7</run_address>
         <size>0xe2</size>
         <alignment>0x0</alignment>
         <input_file_ref idref="fl-14"/>
      </object_component>
      <object_component id="oc-82">
         <name>.debug_info</name>
         <load_address>0x7aa9</load_address>
         <run_address>0x7aa9</run_address>
         <size>0x46b</size>
         <alignment>0x0</alignment>
         <input_file_ref idref="fl-14"/>
      </object_component>
      <object_component id="oc-e3">
         <name>.debug_info</name>
         <load_address>0x7f14</load_address>
         <run_address>0x7f14</run_address>
         <size>0x3a5</size>
         <alignment>0x0</alignment>
         <input_file_ref idref="fl-15"/>
      </object_component>
      <object_component id="oc-21a">
         <name>.debug_info</name>
         <load_address>0x82b9</load_address>
         <run_address>0x82b9</run_address>
         <size>0xf1</size>
         <alignment>0x0</alignment>
         <input_file_ref idref="fl-16"/>
      </object_component>
      <object_component id="oc-207">
         <name>.debug_info</name>
         <load_address>0x83aa</load_address>
         <run_address>0x83aa</run_address>
         <size>0xed</size>
         <alignment>0x0</alignment>
         <input_file_ref idref="fl-16"/>
      </object_component>
      <object_component id="oc-de">
         <name>.debug_info</name>
         <load_address>0x8497</load_address>
         <run_address>0x8497</run_address>
         <size>0x259</size>
         <alignment>0x0</alignment>
         <input_file_ref idref="fl-16"/>
      </object_component>
      <object_component id="oc-f1">
         <name>.debug_info</name>
         <load_address>0x86f0</load_address>
         <run_address>0x86f0</run_address>
         <size>0x423</size>
         <alignment>0x0</alignment>
         <input_file_ref idref="fl-18"/>
      </object_component>
      <object_component id="oc-ec">
         <name>.debug_info</name>
         <load_address>0x8b13</load_address>
         <run_address>0x8b13</run_address>
         <size>0xcba</size>
         <alignment>0x0</alignment>
         <input_file_ref idref="fl-19"/>
      </object_component>
      <object_component id="oc-257">
         <name>.debug_info</name>
         <load_address>0x97cd</load_address>
         <run_address>0x97cd</run_address>
         <size>0x25d</size>
         <alignment>0x0</alignment>
         <input_file_ref idref="fl-1a"/>
      </object_component>
      <object_component id="oc-c3">
         <name>.debug_info</name>
         <load_address>0x9a2a</load_address>
         <run_address>0x9a2a</run_address>
         <size>0x716</size>
         <alignment>0x0</alignment>
         <input_file_ref idref="fl-1b"/>
      </object_component>
      <object_component id="oc-cf">
         <name>.debug_info</name>
         <load_address>0xa140</load_address>
         <run_address>0xa140</run_address>
         <size>0x608</size>
         <alignment>0x0</alignment>
         <input_file_ref idref="fl-1c"/>
      </object_component>
      <object_component id="oc-16e">
         <name>.debug_info</name>
         <load_address>0xa748</load_address>
         <run_address>0xa748</run_address>
         <size>0x258</size>
         <alignment>0x0</alignment>
         <input_file_ref idref="fl-1d"/>
      </object_component>
      <object_component id="oc-162">
         <name>.debug_info</name>
         <load_address>0xa9a0</load_address>
         <run_address>0xa9a0</run_address>
         <size>0x151</size>
         <alignment>0x0</alignment>
         <input_file_ref idref="fl-1e"/>
      </object_component>
      <object_component id="oc-165">
         <name>.debug_info</name>
         <load_address>0xaaf1</load_address>
         <run_address>0xaaf1</run_address>
         <size>0x121</size>
         <alignment>0x0</alignment>
         <input_file_ref idref="fl-1e"/>
      </object_component>
      <object_component id="oc-1cd">
         <name>.debug_info</name>
         <load_address>0xac12</load_address>
         <run_address>0xac12</run_address>
         <size>0xe6</size>
         <alignment>0x0</alignment>
         <input_file_ref idref="fl-1f"/>
      </object_component>
      <object_component id="oc-bd">
         <name>.debug_info</name>
         <load_address>0xacf8</load_address>
         <run_address>0xacf8</run_address>
         <size>0x3a3</size>
         <alignment>0x0</alignment>
         <input_file_ref idref="fl-1f"/>
      </object_component>
      <object_component id="oc-146">
         <name>.debug_info</name>
         <load_address>0xb09b</load_address>
         <run_address>0xb09b</run_address>
         <size>0x2df</size>
         <alignment>0x0</alignment>
         <input_file_ref idref="fl-20"/>
      </object_component>
      <object_component id="oc-25a">
         <name>.debug_info</name>
         <load_address>0xb37a</load_address>
         <run_address>0xb37a</run_address>
         <size>0x17d</size>
         <alignment>0x0</alignment>
         <input_file_ref idref="fl-21"/>
      </object_component>
      <object_component id="oc-10a">
         <name>.debug_info</name>
         <load_address>0xb4f7</load_address>
         <run_address>0xb4f7</run_address>
         <size>0x315</size>
         <alignment>0x0</alignment>
         <input_file_ref idref="fl-21"/>
      </object_component>
      <object_component id="oc-116">
         <name>.debug_info</name>
         <load_address>0xb80c</load_address>
         <run_address>0xb80c</run_address>
         <size>0xf1</size>
         <alignment>0x0</alignment>
         <input_file_ref idref="fl-22"/>
      </object_component>
      <object_component id="oc-11c">
         <name>.debug_info</name>
         <load_address>0xb8fd</load_address>
         <run_address>0xb8fd</run_address>
         <size>0x4e7</size>
         <alignment>0x0</alignment>
         <input_file_ref idref="fl-22"/>
      </object_component>
      <object_component id="oc-24f">
         <name>.debug_info</name>
         <load_address>0xbde4</load_address>
         <run_address>0xbde4</run_address>
         <size>0x172</size>
         <alignment>0x0</alignment>
         <input_file_ref idref="fl-23"/>
      </object_component>
      <object_component id="oc-24c">
         <name>.debug_info</name>
         <load_address>0xbf56</load_address>
         <run_address>0xbf56</run_address>
         <size>0xe2</size>
         <alignment>0x0</alignment>
         <input_file_ref idref="fl-23"/>
      </object_component>
      <object_component id="oc-248">
         <name>.debug_info</name>
         <load_address>0xc038</load_address>
         <run_address>0xc038</run_address>
         <size>0xe8</size>
         <alignment>0x0</alignment>
         <input_file_ref idref="fl-23"/>
      </object_component>
      <object_component id="oc-104">
         <name>.debug_info</name>
         <load_address>0xc120</load_address>
         <run_address>0xc120</run_address>
         <size>0x671</size>
         <alignment>0x0</alignment>
         <input_file_ref idref="fl-23"/>
      </object_component>
      <object_component id="oc-134">
         <name>.debug_info</name>
         <load_address>0xc791</load_address>
         <run_address>0xc791</run_address>
         <size>0x630</size>
         <alignment>0x0</alignment>
         <input_file_ref idref="fl-24"/>
      </object_component>
      <object_component id="oc-273">
         <name>.debug_info</name>
         <load_address>0xcdc1</load_address>
         <run_address>0xcdc1</run_address>
         <size>0x528</size>
         <alignment>0x0</alignment>
         <input_file_ref idref="fl-25"/>
      </object_component>
      <object_component id="oc-26d">
         <name>.debug_info</name>
         <load_address>0xd2e9</load_address>
         <run_address>0xd2e9</run_address>
         <size>0x62a</size>
         <alignment>0x0</alignment>
         <input_file_ref idref="fl-26"/>
      </object_component>
      <object_component id="oc-210">
         <name>.debug_info</name>
         <load_address>0xd913</load_address>
         <run_address>0xd913</run_address>
         <size>0x168</size>
         <alignment>0x0</alignment>
         <input_file_ref idref="fl-37"/>
      </object_component>
      <object_component id="oc-63">
         <name>.debug_info</name>
         <load_address>0xda7b</load_address>
         <run_address>0xda7b</run_address>
         <size>0x141</size>
         <alignment>0x0</alignment>
         <input_file_ref idref="fl-38"/>
      </object_component>
      <object_component id="oc-20c">
         <name>.debug_info</name>
         <load_address>0xdbbc</load_address>
         <run_address>0xdbbc</run_address>
         <size>0x110</size>
         <alignment>0x0</alignment>
         <input_file_ref idref="fl-39"/>
      </object_component>
      <object_component id="oc-215">
[...]
      </symbol>
      <symbol id="sm-3aa">
         <name>DrvAdc_EnableTrigger</name>
         <value>0x330b26</value>
         <object_component_ref idref="oc-ee"/>
      </symbol>
      <symbol id="sm-3ab">
         <name>DrvAdc_Init</name>
         <value>0x330a1d</value>
         <object_component_ref idref="oc-ee"/>
      </symbol>
      <symbol id="sm-3ac">
         <name>DrvAdc_ReadRaw</name>
         <value>0x3309f5</value>
         <object_component_ref idref="oc-ee"/>
      </symbol>
      <symbol id="sm-3ad">
         <name>DrvAdc_ClearInterrupt</name>
         <value>0x330b2d</value>
         <object_component_ref idref="oc-ee"/>
      </symbol>
      <symbol id="sm-3ae">
         <name>DrvAdc_ResetSequencer</name>
         <value>0x3309f0</value>
         <object_component_ref idref="oc-ee"/>
      </symbol>
      <symbol id="sm-3ec">
         <name>DrvEpwm_SetHalfBridgeForceHigh</name>
         <value>0x33035d</value>
         <object_component_ref idref="oc-e8"/>
      </symbol>
      <symbol id="sm-3ed">
         <name>DrvEpwm_EnableAdcSocA</name>
         <value>0x3304de</value>
         <object_component_ref idref="oc-e8"/>
      </symbol>
      <symbol id="sm-3ee">
         <name>DrvEpwm_GetTripStatus</name>
         <value>0x33049f</value>
         <object_component_ref idref="oc-e8"/>
      </symbol>
      <symbol id="sm-3ef">
         <name>DrvEpwm_ClearCbcTrip</name>
         <value>0x330574</value>
         <object_component_ref idref="oc-e8"/>
      </symbol>
      <symbol id="sm-3f0">
         <name>DrvEpwm_ForceTrip</name>
         <value>0x3304b8</value>
         <object_component_ref idref="oc-e8"/>
      </symbol>
      <symbol id="sm-3f1">
         <name>DrvEpwm_SetLegForceHighPair</name>
         <value>0x33034a</value>
         <object_component_ref idref="oc-e8"/>
      </symbol>
      <symbol id="sm-3f2">
         <name>DrvEpwm_EnablePeriodInt</name>
         <value>0x3304c4</value>
         <object_component_ref idref="oc-e8"/>
      </symbol>
      <symbol id="sm-3f3">
         <name>DrvEpwm_GetPeriod</name>
         <value>0x3304a8</value>
         <object_component_ref idref="oc-e8"/>
      </symbol>
      <symbol id="sm-3f4">
         <name>DrvEpwm_SetCompareA</name>
         <value>0x330396</value>
         <object_component_ref idref="oc-e8"/>
      </symbol>
      <symbol id="sm-3f5">
         <name>DrvEpwm_SetCompareB</name>
         <value>0x33037b</value>
         <object_component_ref idref="oc-e8"/>
      </symbol>
      <symbol id="sm-3f6">
         <name>DrvEpwm_ConfigGpio</name>
         <value>0x3304ea</value>
         <object_component_ref idref="oc-e8"/>
      </symbol>
      <symbol id="sm-3f7">
         <name>DrvEpwm_GetCounter</name>
         <value>0x3304b0</value>
         <object_component_ref idref="oc-e8"/>
      </symbol>
      <symbol id="sm-3f8">
         <name>DrvEpwm_ClearOstTrip</name>
         <value>0x330558</value>
         <object_component_ref idref="oc-e8"/>
      </symbol>
      <symbol id="sm-3f9">
         <name>DrvEpwm_ClearIntFlag</name>
         <value>0x330568</value>
         <object_component_ref idref="oc-e8"/>
      </symbol>
      <symbol id="sm-3fa">
         <name>DrvEpwm_HaltTimebase</name>
         <value>0x330497</value>
         <object_component_ref idref="oc-e8"/>
      </symbol>
      <symbol id="sm-3fb">
         <name>DrvEpwm_Init</name>
         <value>0x3303b1</value>
         <object_component_ref idref="oc-e8"/>
      </symbol>
      <symbol id="sm-40f">
         <name>DrvGpio_InitOutput</name>
         <value>0x3316b8</value>
         <object_component_ref idref="oc-253"/>
      </symbol>
      <symbol id="sm-410">
         <name>DrvGpio_Set</name>
         <value>0x3316aa</value>
         <object_component_ref idref="oc-253"/>
      </symbol>
      <symbol id="sm-411">
         <name>DrvGpio_Clear</name>
         <value>0x3316de</value>
         <object_component_ref idref="oc-253"/>
      </symbol>
      <symbol id="sm-41e">
         <name>DrvInterrupt_EnableAdcSeq1</name>
         <value>0x33158d</value>
         <object_component_ref idref="oc-c2"/>
      </symbol>
      <symbol id="sm-41f">
         <name>DrvInterrupt_EnableScicRx</name>
         <value>0x33157b</value>
         <object_component_ref idref="oc-c2"/>
      </symbol>
      <symbol id="sm-420">
         <name>DrvInterrupt_BindEpwm1</name>
         <value>0x3315a2</value>
         <object_component_ref idref="oc-c2"/>
      </symbol>
      <symbol id="sm-421">
         <name>DrvInterrupt_AckGroup3</name>
         <value>0x3315b5</value>
         <object_component_ref idref="oc-c2"/>
      </symbol>
      <symbol id="sm-422">
         <name>DrvInterrupt_AckGroup1</name>
         <value>0x3315ba</value>
         <object_component_ref idref="oc-c2"/>
      </symbol>
      <symbol id="sm-423">
         <name>DrvInterrupt_AckGroup8</name>
         <value>0x3315b0</value>
         <object_component_ref idref="oc-c2"/>
      </symbol>
      <symbol id="sm-424">
         <name>DrvInterrupt_BindScicRx</name>
         <value>0x33159b</value>
         <object_component_ref idref="oc-c2"/>
      </symbol>
      <symbol id="sm-425">
         <name>DrvInterrupt_BindTimer0</name>
         <value>0x331594</value>
         <object_component_ref idref="oc-c2"/>
      </symbol>
      <symbol id="sm-426">
         <name>DrvInterrupt_BindAdcSeq1</name>
         <value>0x3315a9</value>
         <object_component_ref idref="oc-c2"/>
      </symbol>
      <symbol id="sm-427">
         <name>DrvInterrupt_EnableGlobal</name>
         <value>0x331582</value>
         <object_component_ref idref="oc-c2"/>
      </symbol>
      <symbol id="sm-428">
         <name>DrvInterrupt_Init</name>
         <value>0x331569</value>
         <object_component_ref idref="oc-c2"/>
      </symbol>
      <symbol id="sm-429">
         <name>DrvInterrupt_EnableEpwm1</name>
         <value>0x331586</value>
         <object_component_ref idref="oc-c2"/>
      </symbol>
      <symbol id="sm-42a">
         <name>DrvInterrupt_EnableTimer0</name>
         <value>0x331574</value>
         <object_component_ref idref="oc-c2"/>
      </symbol>
      <symbol id="sm-43e">
         <name>DrvSci_StatusHasError</name>
         <value>0x330dcc</value>
         <object_component_ref idref="oc-ce"/>
      </symbol>
      <symbol id="sm-43f">
         <name>DrvSci_Init</name>
         <value>0x330e08</value>
         <object_component_ref idref="oc-ce"/>
      </symbol>
      <symbol id="sm-440">
         <name>DrvSci_SendByte</name>
         <value>0x330de3</value>
         <object_component_ref idref="oc-ce"/>
      </symbol>
      <symbol id="sm-441">
         <name>DrvSci_GetStatus</name>
         <value>0x330e74</value>
         <object_component_ref idref="oc-ce"/>
      </symbol>
      <symbol id="sm-442">
         <name>DrvSci_ClearRxInterrupt</name>
         <value>0x330e83</value>
         <object_component_ref idref="oc-ce"/>
      </symbol>
      <symbol id="sm-443">
         <name>DrvSci_RecoverRx</name>
         <value>0x330ded</value>
         <object_component_ref idref="oc-ce"/>
      </symbol>
      <symbol id="sm-444">
         <name>DrvSci_ReadByte</name>
         <value>0x330e03</value>
         <object_component_ref idref="oc-ce"/>
      </symbol>
      <symbol id="sm-445">
         <name>DrvSci_HasError</name>
         <value>0x330e58</value>
         <object_component_ref idref="oc-ce"/>
      </symbol>
      <symbol id="sm-446">
         <name>DrvSci_SendBytes</name>
         <value>0x330dd3</value>
         <object_component_ref idref="oc-ce"/>
      </symbol>
      <symbol id="sm-447">
         <name>DrvSci_GetRxFifoCount</name>
         <value>0x330e78</value>
         <object_component_ref idref="oc-ce"/>
      </symbol>
      <symbol id="sm-448">
         <name>DrvSci_GetErrorFromStatus</name>
         <value>0x330e81</value>
         <object_component_ref idref="oc-ce"/>
      </symbol>
      <symbol id="sm-457">
         <name>DrvSpi_StartByte</name>
         <value>0x331404</value>
         <object_component_ref idref="oc-16a"/>
      </symbol>
      <symbol id="sm-458">
         <name>DrvSpi_Init</name>
         <value>0x331410</value>
         <object_component_ref idref="oc-16a"/>
      </symbol>
      <symbol id="sm-459">
         <name>DrvSpi_TryCompleteByte</name>
         <value>0x3313fa</value>
         <object_component_ref idref="oc-16a"/>
      </symbol>
      <symbol id="sm-472">
         <name>DrvSysCtrl_Init</name>
         <value>0x3314b7</value>
         <object_component_ref idref="oc-15e"/>
      </symbol>
      <symbol id="sm-473">
         <name>DrvFlash_Init</name>
         <value>0x8000</value>
         <object_component_ref idref="oc-164"/>
      </symbol>
      <symbol id="sm-487">
         <name>DrvTimer2_CycleRead</name>
         <value>0x331668</value>
         <object_component_ref idref="oc-bc"/>
      </symbol>
      <symbol id="sm-488">
         <name>DrvTimer2_CycleInit</name>
         <value>0x33166c</value>
         <object_component_ref idref="oc-bc"/>
      </symbol>
      <symbol id="sm-489">
         <name>DrvTimer0_OnInterrupt</name>
         <value>0x331685</value>
         <object_component_ref idref="oc-bc"/>
      </symbol>
      <symbol id="sm-48a">
         <name>DrvTimer0_Init</name>
         <value>0x33168f</value>
         <object_component_ref idref="oc-bc"/>
      </symbol>
      <symbol id="sm-48b">
         <name>DrvTimer0_Start</name>
         <value>0x331680</value>
         <object_component_ref idref="oc-bc"/>
      </symbol>
      <symbol id="sm-48c">
         <name>Timebase_Now</name>
         <value>0x331660</value>
         <object_component_ref idref="oc-bc"/>
      </symbol>
      <symbol id="sm-49c">
         <name>CPLD_WriteReg16</name>
         <value>0x331805</value>
         <object_component_ref idref="oc-145"/>
      </symbol>
      <symbol id="sm-49d">
         <name>CPLD_Commit</name>
         <value>0x331818</value>
         <object_component_ref idref="oc-145"/>
      </symbol>
      <symbol id="sm-49e">
         <name>CPLD_Init</name>
         <value>0x331817</value>
         <object_component_ref idref="oc-145"/>
      </symbol>
      <symbol id="sm-4b6">
         <name>Indicator_Service</name>
         <value>0x331633</value>
         <object_component_ref idref="oc-109"/>
      </symbol>
      <symbol id="sm-4b7">
         <name>Indicator_Init</name>
         <value>0x33164f</value>
         <object_component_ref idref="oc-109"/>
      </symbol>
      <symbol id="sm-4b8">
         <name>Indicator_TriggerTx</name>
         <value>0x331615</value>
         <object_component_ref idref="oc-109"/>
      </symbol>
      <symbol id="sm-4b9">
         <name>Indicator_TriggerRx</name>
         <value>0x331624</value>
         <object_component_ref idref="oc-109"/>
      </symbol>
      <symbol id="sm-4cc">
         <name>Measurement_ConvertVac</name>
         <value>0x3310af</value>
         <object_component_ref idref="oc-118"/>
      </symbol>
      <symbol id="sm-4cd">
         <name>Measurement_ConvertVdc</name>
         <value>0x3310a0</value>
         <object_component_ref idref="oc-118"/>
      </symbol>
      <symbol id="sm-4ce">
         <name>Measurement_Update</name>
         <value>0x3310d7</value>
         <object_component_ref idref="oc-118"/>
      </symbol>
      <symbol id="sm-4cf">
         <name>Measurement_ConvertIac</name>
         <value>0x3310c3</value>
         <object_component_ref idref="oc-118"/>
      </symbol>
      <symbol id="sm-4d0">
         <name>g_measurement</name>
         <value>0xc5d8</value>
         <object_component_ref idref="oc-115"/>
      </symbol>
      <symbol id="sm-515">
         <name>ModbusVdc_Poll</name>
         <value>0x33083d</value>
         <object_component_ref idref="oc-103"/>
      </symbol>
      <symbol id="sm-516">
         <name>ModbusVdc_Init</name>
         <value>0x33088e</value>
         <object_component_ref idref="oc-103"/>
      </symbol>
      <symbol id="sm-527">
         <name>SpiBridge_Service</name>
         <value>0x3312c3</value>
         <object_component_ref idref="oc-130"/>
      </symbol>
      <symbol id="sm-528">
         <name>SpiBridge_OnRxByte</name>
         <value>0x331310</value>
         <object_component_ref idref="oc-130"/>
      </symbol>
      <symbol id="sm-529">
         <name>SpiBridge_Init</name>
         <value>0x331313</value>
         <object_component_ref idref="oc-130"/>
      </symbol>
      <symbol id="sm-52a">
         <name>SpiBridge_OnRxError</name>
         <value>0x33130d</value>
         <object_component_ref idref="oc-130"/>
      </symbol>
      <symbol id="sm-52b">
         <name>SpiBridge_GetSpiDiagnostics</name>
         <value>0x331328</value>
         <object_component_ref idref="oc-130"/>
      </symbol>
      <symbol id="sm-52c">
         <name>SpiBridge_GetUartDiagnostics</name>
         <value>0x331325</value>
         <object_component_ref idref="oc-130"/>
      </symbol>
      <symbol id="sm-542">
         <name>SpiRequest_Finish</name>
         <value>0x330f3a</value>
         <object_component_ref idref="oc-270"/>
      </symbol>
      <symbol id="sm-543">
         <name>SpiRequest_IsIdle</name>
         <value>0x330f01</value>
         <object_component_ref idref="oc-270"/>
      </symbol>
      <symbol id="sm-544">
         <name>SpiRequest_Service</name>
         <value>0x330e99</value>
         <object_component_ref idref="oc-270"/>
      </symbol>
      <symbol id="sm-545">
         <name>SpiRequest_Start</name>
         <value>0x330e88</value>
         <object_component_ref idref="oc-270"/>
      </symbol>
      <symbol id="sm-546">
         <name>SpiRequest_Init</name>
         <value>0x330f07</value>
         <object_component_ref idref="oc-270"/>
      </symbol>
      <symbol id="sm-547">
         <name>SpiRequest_GetDiagnostics</name>
         <value>0x330f1e</value>
         <object_component_ref idref="oc-270"/>
      </symbol>
      <symbol id="sm-55b">
         <name>UartFrame_GetReadyData</name>
         <value>0x330fc6</value>
         <object_component_ref idref="oc-26a"/>
      </symbol>
      <symbol id="sm-55c">
         <name>UartFrame_OnError</name>
         <value>0x330f69</value>
         <object_component_ref idref="oc-26a"/>
      </symbol>
      <symbol id="sm-55d">
         <name>UartFrame_OnByte</name>
         <value>0x330f77</value>
         <object_component_ref idref="oc-26a"/>
      </symbol>
      <symbol id="sm-55e">
         <name>UartFrame_Consume</name>
         <value>0x330feb</value>
         <object_component_ref idref="oc-26a"/>
      </symbol>
      <symbol id="sm-55f">
         <name>UartFrame_Service</name>
         <value>0x330f40</value>
         <object_component_ref idref="oc-26a"/>
      </symbol>
      <symbol id="sm-560">
         <name>UartFrame_Init</name>
         <value>0x330faf</value>
         <object_component_ref idref="oc-26a"/>
      </symbol>
      <symbol id="sm-561">
         <name>UartFrame_GetDiagnostics</name>
         <value>0x330fd3</value>
         <object_component_ref idref="oc-26a"/>
      </symbol>
      <symbol id="sm-562">
         <name>UartFrame_IsReady</name>
         <value>0x330fa8</value>
         <object_component_ref idref="oc-26a"/>
      </symbol>
      <symbol id="sm-570">
         <name>sinf</name>
         <value>0x331394</value>
         <object_component_ref idref="oc-20e"/>
      </symbol>
      <symbol id="sm-57a">
         <name>_c_int00</name>
         <value>0x331857</value>
         <object_component_ref idref="oc-62"/>
      </symbol>
      <symbol id="sm-57b">
         <name>__stack</name>
         <value>0x400</value>
         <object_component_ref idref="oc-85"/>
      </symbol>
      <symbol id="sm-588">
         <name>__c28xabi_divf</name>
         <value>0x3311cb</value>
         <object_component_ref idref="oc-209"/>
      </symbol>
      <symbol id="sm-591">
         <name>__c28xabi_divul</name>
         <value>0x33179c</value>
         <object_component_ref idref="oc-214"/>
      </symbol>
      <symbol id="sm-592">
         <name>__c28xabi_modul</name>
         <value>0x3317a3</value>
         <object_component_ref idref="oc-214"/>
      </symbol>
      <symbol id="sm-593">
         <name>__c28xabi_modl</name>
         <value>0x33178e</value>
         <object_component_ref idref="oc-214"/>
      </symbol>
      <symbol id="sm-594">
         <name>__c28xabi_divl</name>
         <value>0x33177f</value>
         <object_component_ref idref="oc-214"/>
      </symbol>
      <symbol id="sm-5a1">
         <name>_system_pre_init</name>
         <value>0x3318db</value>
         <object_component_ref idref="oc-a3"/>
      </symbol>
      <symbol id="sm-5b0">
         <name>__TI_auto_init_nobinit_nopinit</name>
         <value>0x331754</value>
         <object_component_ref idref="oc-186"/>
      </symbol>
      <symbol id="sm-5bd">
         <name>__TI_zero_init</name>
         <value>0x3318d5</value>
         <object_component_ref idref="oc-9d"/>
      </symbol>
      <symbol id="sm-5ca">
         <name>__TI_decompress_none</name>
         <value>0x3318c6</value>
         <object_component_ref idref="oc-5b"/>
      </symbol>
      <symbol id="sm-5de">
         <name>__TI_decompress_lzss</name>
         <value>0x331726</value>
         <object_component_ref idref="oc-55"/>
      </symbol>
      <symbol id="sm-5f4">
         <name>C$$EXIT</name>
         <value>0x3317a9</value>
         <object_component_ref idref="oc-b0"/>
      </symbol>
      <symbol id="sm-5f5">
         <name>abort</name>
         <value>0x3317a9</value>
         <object_component_ref idref="oc-b0"/>
      </symbol>
      <symbol id="sm-5f6">
         <name>exit</name>
         <value>0x3317ab</value>
         <object_component_ref idref="oc-b0"/>
      </symbol>
      <symbol id="sm-5f7">
         <name>__TI_dtors_ptr</name>
         <value>0xc81a</value>
         <object_component_ref idref="oc-1be"/>
      </symbol>
      <symbol id="sm-5f8">
         <name>__TI_cleanup_ptr</name>
         <value>0xc818</value>
         <object_component_ref idref="oc-1be"/>
      </symbol>
      <symbol id="sm-5f9">
         <name>__TI_enable_exit_profile_output</name>
         <value>0xc816</value>
         <object_component_ref idref="oc-1be"/>
      </symbol>
      <symbol id="sm-610">
         <name>_nop</name>
         <value>0x3318bd</value>
         <object_component_ref idref="oc-2c7"/>
      </symbol>
      <symbol id="sm-611">
         <name>_lock</name>
         <value>0xc81c</value>
         <object_component_ref idref="oc-1c1"/>
      </symbol>
      <symbol id="sm-612">
         <name>_unlock</name>
         <value>0xc81e</value>
         <object_component_ref idref="oc-370"/>
      </symbol>
      <symbol id="sm-613">
         <name>_register_lock</name>
         <value>0x3318b9</value>
         <object_component_ref idref="oc-2c7"/>
      </symbol>
      <symbol id="sm-614">
         <name>_register_unlock</name>
         <value>0x3318b5</value>
         <object_component_ref idref="oc-2c7"/>
      </symbol>
      <symbol id="sm-623">
         <name>_args_main</name>
         <value>0x331882</value>
         <object_component_ref idref="oc-aa"/>
      </symbol>
      <symbol id="sm-632">
         <name>memset</name>
         <value>0x3318ce</value>
         <object_component_ref idref="oc-17d"/>
      </symbol>
      <symbol id="sm-645">
         <name>memcpy</name>
         <value>0x33181d</value>
         <object_component_ref idref="oc-8f"/>
      </symbol>
      <symbol id="sm-652">
         <name>_system_post_cinit</name>
         <value>0x330b37</value>
         <object_component_ref idref="oc-2a7"/>
      </symbol>
      <symbol id="sm-654">
         <name>Diagnostics_CycleRead</name>
         <value>0x331668</value>
      </symbol>
   </symbol_table>
   <title>Link successful</title>
</link_info>
